
Hexadecimal

Area                               Addr   Size   Decimal Bytes (Attributes)
--------------------------------   ----   ----   ------- ----- ------------
CABS                               0000   0000 =      0. bytes (ABS,CON,CODE)

      Value  Global
   --------  --------------------------------
  0C:0000    l_BIT_BANK
  0C:0000    l_CABS
  0C:0000    l_GSINIT
  0C:0000    l_GSINIT1
  0C:0000    l_GSINIT5
  0C:0000    l_IABS
  0C:0000    l_ISEG
  0C:0000    l_OSEG
  0C:0000    l_PSEG
  0C:0000    l_REG_BANK_1
  0C:0000    l_REG_BANK_2
  0C:0000    l_REG_BANK_3
  0C:0000    l__CODE
  0C:0000    s_BSEG
  0C:0000    s_CABS
  0C:0000    s_DSEG
  0C:0000    s_HOME
  0C:0000    s_IABS
  0C:0000    s_ISEG
  0C:0000    s_PSEG
  0C:0000    s_REG_BANK_0
  0C:0000    s_SSEG
  0C:0000    s_XSEG
  0C:0001    l_BSEG
  0C:0001    l_BSEG_BYTES
  0C:0003    l_GSFINAL
  0C:0003    l_GSINIT0
  0C:0005    l_XINIT
  0C:0005    l_XISEG
  0C:0008    l_HOME
  0C:0008    l_REG_BANK_0
  0C:0008    s_GSINIT0
  0C:0008    s_REG_BANK_1
  0C:000A    l_GSINIT2
  0C:000B    s_GSINIT1
  0C:000B    s_GSINIT2
  0C:0010    s_REG_BANK_2
  0C:0015    s_GSINIT3
  0C:0016    l_RSEG
  0C:0018    s_BIT_BANK
  0C:0018    s_OSEG
  0C:0018    s_REG_BANK_3
  0C:0020    s_BSEG_BYTES
  0C:0020    s__CODE
  0C:0022    l_GSINIT3
  0C:0028    l_GSINIT4
  0C:0037    s_GSINIT4
  0C:005F    s_GSFINAL
  0C:005F    s_GSINIT
  0C:005F    s_GSINIT5
  0C:0062    s_CSEG
  0C:006D    l_DSEG
  0C:006E    s_RSEG
  0C:0092    l_SSEG
  0C:0100    l_IRAM
  0C:0128    l_CONST
  0C:0DA1    l_XSEG
  0C:0DA1    s_XISEG
  0C:71B4    l_CSEG
  0C:7216    s_CONST
  0C:733E    s_XINIT

Hexadecimal

Area                               Addr   Size   Decimal Bytes (Attributes)
--------------------------------   ----   ----   ------- ----- ------------
IABS                               0000   0000 =      0. bytes (ABS,CON)

Hexadecimal

Area                               Addr   Size   Decimal Bytes (Attributes)
--------------------------------   ----   ----   ------- ----- ------------
.  .ABS.                           0000   0000 =      0. bytes (ABS,CON)

      Value  Global
   --------  --------------------------------
     00A0    __XPAGE
     00F5    _B_5
     00F6    _B_6
     00F7    _B_7

Hexadecimal

Area                               Addr   Size   Decimal Bytes (Attributes)
--------------------------------   ----   ----   ------- ----- ------------
BSEG_BYTES                         0020   0001 =      1. bytes (REL,CON)

Hexadecimal

Area                               Addr   Size   Decimal Bytes (Attributes)
--------------------------------   ----   ----   ------- ----- ------------
_CODE                              0020   0000 =      0. bytes (REL,CON)

Hexadecimal

Area                               Addr   Size   Decimal Bytes (Attributes)
--------------------------------   ----   ----   ------- ----- ------------
REG_BANK_0                         0000   0008 =      8. bytes (REL,OVR)

Hexadecimal

Area                               Addr   Size   Decimal Bytes (Attributes)
--------------------------------   ----   ----   ------- ----- ------------
REG_BANK_1                         0008   0000 =      0. bytes (REL,OVR)

Hexadecimal

Area                               Addr   Size   Decimal Bytes (Attributes)
--------------------------------   ----   ----   ------- ----- ------------
REG_BANK_2                         0010   0000 =      0. bytes (REL,OVR)

Hexadecimal

Area                               Addr   Size   Decimal Bytes (Attributes)
--------------------------------   ----   ----   ------- ----- ------------
REG_BANK_3                         0018   0000 =      0. bytes (REL,OVR)

Hexadecimal

Area                               Addr   Size   Decimal Bits  (Attributes)
--------------------------------   ----   ----   ------- ----- ------------
BSEG                               0000   0001 =      1. bits  (REL,CON,BIT)

Hexadecimal

Area                               Addr   Size   Decimal Bytes (Attributes)
--------------------------------   ----   ----   ------- ----- ------------
BIT_BANK                           0018   0000 =      0. bytes (REL,OVR)

Hexadecimal

Area                               Addr   Size   Decimal Bytes (Attributes)
--------------------------------   ----   ----   ------- ----- ------------
DSEG                               0000   006D =    109. bytes (REL,CON)

      Value  Global
   --------  --------------------------------
     0018    Ldisplay_brt_regs$sloc0$1$0
     0019    LWD_init$sloc0$1$0
     0021    Ldp_display_array$sloc0$1$0
     0023    Ldp_display_array$sloc1$1$0
     0025    Lint_to_hex_int$sloc0$1$0
     0027    Lint_to_hex_int$sloc1$1$0
     002A    Lint_to_dec_int$sloc0$1$0
     002D    LHW_set_32bit_reg_field$sloc0$1$0
     002F    LHW_set_32bit_reg_field$sloc1$1$0
     0033    LHW_set_32bit_reg_field$sloc2$1$0
     0034    LHW_set_16bit_reg_field$sloc0$1$0
     0035    LUART_init$sloc0$1$0
     0036    LUART_init$sloc1$1$0
     0038    LUART_init$sloc2$1$0
     003A    LUART_init$sloc3$1$0
     003C    LUART_send$sloc0$1$0
     003F    LUART_send$sloc1$1$0
     0042    LUART_fill_tx_fifo$sloc0$1$0
     0045    LUART_fill_tx_fifo$sloc1$1$0
     0048    LUART_get_rx$sloc0$1$0
     004B    LUART_get_rx$sloc1$1$0
     004E    LUART_polled_tx_string$sloc0$1$0
     0050    LUART_polled_tx_string$sloc1$1$0
     0054    LTMR_init$sloc0$1$0
     0058    LTMR_init$sloc1$1$0
     005A    LGPIO_set_outputs$sloc1$1$0
     005E    LGPIO_set_outputs$sloc2$1$0
     0062    LGPIO_set_output$sloc0$1$0
     0066    LGPIO_set_output$sloc2$1$0
     006A    LGPIO_clear_irq$sloc0$1$0

Hexadecimal

Area                               Addr   Size   Decimal Bytes (Attributes)
--------------------------------   ----   ----   ------- ----- ------------
OSEG                               0018   0000 =      0. bytes (REL,OVR)

Hexadecimal

Area                               Addr   Size   Decimal Bytes (Attributes)
--------------------------------   ----   ----   ------- ----- ------------
ISEG                               0000   0000 =      0. bytes (REL,CON)

Hexadecimal

Area                               Addr   Size   Decimal Bytes (Attributes)
--------------------------------   ----   ----   ------- ----- ------------
SSEG                               0000   0092 =    146. bytes (REL,OVR)

      Value  Global
   --------  --------------------------------
     006E    __start__stack

Hexadecimal

Area                               Addr   Size   Decimal Bytes (Attributes)
--------------------------------   ----   ----   ------- ----- ------------
RSEG                               006E   0016 =     22. bytes (REL,CON)

      Value  Global
   --------  --------------------------------
     006E    _SP
     006F    _DPL
     0070    _DPH
     0071    _DPL1
     0072    _DPH1
     0073    _DPS
     0074    _XWB1
     0075    _XWB2
     0076    _XWB3
     0077    _XRB1
     0078    _XRB2
     0079    _XRB3
     007A    _PSW
     007B    _ACC
     007C    _B
     007D    _CY
     007E    _AC
     007F    _F0
     0080    _RS1
     0081    _RS0
     0082    _OV
     0083    _P

Hexadecimal

Area                               Addr   Size   Decimal Bytes (Attributes)
--------------------------------   ----   ----   ------- ----- ------------
PSEG                               0000   0000 =      0. bytes (REL,CON,PAG,XDATA)

Hexadecimal

Area                               Addr   Size   Decimal Bytes (Attributes)
--------------------------------   ----   ----   ------- ----- ------------
XSEG                               0000   0DA1 =   3489. bytes (REL,CON,XDATA)

      Value  Global
   --------  --------------------------------
  0D:000E    G$last_sub_address$0$0
  0D:000E    _last_sub_address
  0D:000F    G$last_msg_no$0$0
  0D:000F    _last_msg_no
  0D:0010    G$temp$0$0
  0D:0010    _temp
  0D:0011    Ldisplay_help$tx_data$1$1
  0D:03D1    Lget_key_selection$rx_data$1$1
  0D:03D3    Lread_user_input$rx_char_ptr$1$1
  0D:03D6    Lread_user_input$recv_char$1$1
  0D:03D7    Lread_user_input$index$1$1
  0D:03D8    Ldisplay_brt_regs$mem_addr$1$1
  0D:03DC    Ldisplay_brt_regs$i$1$1
  0D:03DD    Ldisplay_brt_data$subaddr$1$1
  0D:03DD    _display_brt_data_PARM_2
  0D:03DE    Ldisplay_brt_data$brt_baseaddr$1$1
  0D:03E2    Ldisplay_brt_data$tx_sub_address$1$1
  0D:03E4    Ldisplay_brt_data$rx_sub_address$1$1
  0D:03E6    Ldisplay_brt_data$i$1$1
  0D:03E7    Ldisplay_brt_data$m$1$1
  0D:03E8    Lprocess_uart_data$key$1$1
  0D:03E9    Ldisplay_mem_data$mem_data$1$1
  0D:03EB    Ldisplay_mem_data$tx_sub_address$1$1
  0D:03ED    Ldisplay_mem_data$rx_sub_address$1$1
  0D:03EF    Ldisplay_mem_data$i$1$1
  0D:03F0    Ldisplay_mem_data$m$1$1
  0D:03F1    Ldisplay_brt_sa$subaddr$1$1
  0D:03F2    G$key$0$0
  0D:03F2    _key
  0D:03F3    G$rx_char$0$0
  0D:03F3    _rx_char
  0D:03FD    G$rx_char_ptr$0$0
  0D:03FD    _rx_char_ptr
  0D:0400    G$g_gpio$0$0
  0D:0400    _g_gpio
  0D:0403    G$g_wd$0$0
  0D:0403    _g_wd
  0D:0405    Lmain$uart_msg$1$1
  0D:0424    Lmain$linefeed$1$1
  0D:0427    Lmain$sram_addr$1$1
  0D:0429    Lmain$rx_data$2$4
  0D:042B    Lwait$time_in_ms$1$1
  0D:042D    Lwait$i$1$1
  0D:042F    G$g_stdio_uart$0$0
  0D:042F    _g_stdio_uart
  0D:0432    Ldp_display_text$text$1$1
  0D:0435    Ldp_display_text$length$1$1
  0D:0437    Ldp_display_value$descriptive$1$1
  0D:0437    _dp_display_value_PARM_2
  0D:0439    Ldp_display_value$value$1$1
  0D:043D    Ldp_display_value$value_text$1$1
  0D:053D    Ldp_display_value$text_size$1$1
  0D:053F    Ldp_display_array$bytes$1$1
  0D:053F    _dp_display_array_PARM_2
  0D:0541    Ldp_display_array$descriptive$1$1
  0D:0541    _dp_display_array_PARM_3
  0D:0543    Ldp_display_array$value$1$1
  0D:0546    Ldp_display_array$idx$1$1
  0D:0548    Lint_to_hex_int$p_result$1$1
  0D:0548    _int_to_hex_int_PARM_2
  0D:054B    Lint_to_hex_int$result_size$1$1
  0D:054B    _int_to_hex_int_PARM_3
  0D:054D    Lint_to_hex_int$value$1$1
  0D:054F    Lint_to_hex_int$nibble_idx$1$1
  0D:0551    Lint_to_hex_int$nb_nibbles$1$1
  0D:0553    Lint_to_hex_int$conv_array$1$1
  0D:055B    Lint_to_hex_int$uvalue$1$1
  0D:055D    Lint_to_dec_int$p_result$1$1
  0D:055D    _int_to_dec_int_PARM_2
  0D:0560    Lint_to_dec_int$value$1$1
  0D:0562    Lint_to_dec_int$conv_array$1$1
  0D:056A    Lint_to_dec_int$uvalue$1$1
  0D:056C    Lint_to_dec_int$digit_idx$1$1
  0D:056E    Lint_to_dec_int$nb_digits$1$1
  0D:0570    Lxatoi$res$1$1
  0D:0570    _xatoi_PARM_2
  0D:0573    Lxatoi$str$1$1
  0D:0576    Lxatoi$val$1$1
  0D:057A    Lxatoi$c$1$1
  0D:057B    Lxatoi$r$1$1
  0D:057C    Lxatoi$s$1$1
  0D:057D    LgetParity$n$1$1
  0D:057F    LgetParity$parity$1$1
  0D:0580    LHAL_assert_fail$line_no$1$1
  0D:0580    _HAL_assert_fail_PARM_2
  0D:0584    LHAL_assert_fail$file_name$1$1
  0D:0587    LHAL_assert_fail$assert_file$2$2
  0D:058A    LHAL_assert_fail$assert_line$2$2
  0D:058E    LHAL_assert_fail$dummy$2$2
  0D:059B    _HW_set_16bit_reg_PARM_2
  0D:059D    _HW_set_8bit_reg_PARM_2
  0D:059E    _HW_set_32bit_reg_PARM_2
  0D:05A2    LHW_set_32bit_reg_field$shift$1$1
  0D:05A2    _HW_set_32bit_reg_field_PARM_2
  0D:05A3    LHW_set_32bit_reg_field$mask$1$1
  0D:05A3    _HW_set_32bit_reg_field_PARM_3
  0D:05A7    LHW_set_32bit_reg_field$value$1$1
  0D:05A7    _HW_set_32bit_reg_field_PARM_4
  0D:05AB    LHW_set_32bit_reg_field$reg_addr$1$1
  0D:05AD    LHW_set_32bit_reg_field$temp32$1$1
  0D:05B1    LHW_get_32bit_reg_field$shift$1$1
  0D:05B1    _HW_get_32bit_reg_field_PARM_2
  0D:05B2    LHW_get_32bit_reg_field$mask$1$1
  0D:05B2    _HW_get_32bit_reg_field_PARM_3
  0D:05B6    LHW_get_32bit_reg_field$reg_addr$1$1
  0D:05B8    LHW_get_32bit_reg_field$temp32$1$1
  0D:05BC    LHW_set_16bit_reg_field$shift$1$1
  0D:05BC    _HW_set_16bit_reg_field_PARM_2
  0D:05BD    LHW_set_16bit_reg_field$mask$1$1
  0D:05BD    _HW_set_16bit_reg_field_PARM_3
  0D:05BF    LHW_set_16bit_reg_field$in_value16$1$1
  0D:05BF    _HW_set_16bit_reg_field_PARM_4
  0D:05C1    LHW_set_16bit_reg_field$reg_addr$1$1
  0D:05C3    LHW_set_16bit_reg_field$temp16$1$1
  0D:05C5    LHW_get_16bit_reg_field$shift$1$1
  0D:05C5    _HW_get_16bit_reg_field_PARM_2
  0D:05C6    LHW_get_16bit_reg_field$mask$1$1
  0D:05C6    _HW_get_16bit_reg_field_PARM_3
  0D:05C8    LHW_get_16bit_reg_field$reg_addr$1$1
  0D:05CA    LHW_get_16bit_reg_field$temp16$1$1
  0D:05CC    LHW_set_8bit_reg_field$shift$1$1
  0D:05CC    _HW_set_8bit_reg_field_PARM_2
  0D:05CD    LHW_set_8bit_reg_field$mask$1$1
  0D:05CD    _HW_set_8bit_reg_field_PARM_3
  0D:05CE    LHW_set_8bit_reg_field$value$1$1
  0D:05CE    _HW_set_8bit_reg_field_PARM_4
  0D:05CF    LHW_set_8bit_reg_field$reg_addr$1$1
  0D:05D1    LHW_set_8bit_reg_field$temp8$1$1
  0D:05D2    LHW_get_8bit_reg_field$shift$1$1
  0D:05D2    _HW_get_8bit_reg_field_PARM_2
  0D:05D3    LHW_get_8bit_reg_field$mask$1$1
  0D:05D3    _HW_get_8bit_reg_field_PARM_3
  0D:05D4    LHW_get_8bit_reg_field$reg_addr$1$1
  0D:05D6    LHW_get_8bit_reg_field$temp8$1$1
  0D:05D7    F___drivers_CoreWatchdog_core_watchdog$NULL_instance$0$0
  0D:05DA    LWD_init$base$1$1
  0D:05DA    _WD_init_PARM_2
  0D:05DC    LWD_init$value$1$1
  0D:05DC    _WD_init_PARM_3
  0D:05E0    LWD_init$scale$1$1
  0D:05E0    _WD_init_PARM_4
  0D:05E4    LWD_init$instance$1$1
  0D:05E7    LWD_init$file_name$3$3
  0D:060F    LWD_init$file_name$3$5
  0D:0637    LWD_enable$instance$1$1
  0D:063A    LWD_enable$file_name$3$3
  0D:0662    LWD_disable$instance$1$1
  0D:0665    LWD_disable$file_name$3$3
  0D:068D    LWD_reload$instance$1$1
  0D:0690    LWD_reload$file_name$3$3
  0D:06B8    LWD_current_value$instance$1$1
  0D:06BB    LWD_current_value$file_name$3$3
  0D:06E3    LUART_init$base_addr$1$1
  0D:06E3    _UART_init_PARM_2
  0D:06E5    LUART_init$baud_value$1$1
  0D:06E5    _UART_init_PARM_3
  0D:06E7    LUART_init$line_config$1$1
  0D:06E7    _UART_init_PARM_4
  0D:06E8    LUART_init$this_uart$1$1
  0D:06EB    LUART_init$rx_full$1$1
  0D:06EC    LUART_init$file_name$3$3
  0D:0713    LUART_init$file_name$3$5
  0D:073A    LUART_init$file_name$3$7
  0D:0761    LUART_init$file_name$5$11
  0D:0788    LUART_init$file_name$5$13
  0D:07AF    LUART_init$rx_byte$3$14
  0D:07B0    LUART_send$tx_buffer$1$1
  0D:07B0    _UART_send_PARM_2
  0D:07B3    LUART_send$tx_size$1$1
  0D:07B3    _UART_send_PARM_3
  0D:07B5    LUART_send$this_uart$1$1
  0D:07B8    LUART_send$char_idx$1$1
  0D:07BA    LUART_send$file_name$3$3
  0D:07E1    LUART_send$file_name$3$5
  0D:0808    LUART_send$file_name$3$7
  0D:082F    LUART_fill_tx_fifo$tx_buffer$1$1
  0D:082F    _UART_fill_tx_fifo_PARM_2
  0D:0832    LUART_fill_tx_fifo$tx_size$1$1
  0D:0832    _UART_fill_tx_fifo_PARM_3
  0D:0834    LUART_fill_tx_fifo$this_uart$1$1
  0D:0837    LUART_fill_tx_fifo$size_sent$1$1
  0D:0839    LUART_fill_tx_fifo$file_name$3$3
  0D:0860    LUART_fill_tx_fifo$file_name$3$5
  0D:0887    LUART_fill_tx_fifo$file_name$3$7
  0D:08AE    LUART_get_rx$rx_buffer$1$1
  0D:08AE    _UART_get_rx_PARM_2
  0D:08B1    LUART_get_rx$buff_size$1$1
  0D:08B1    _UART_get_rx_PARM_3
  0D:08B3    LUART_get_rx$this_uart$1$1
  0D:08B6    LUART_get_rx$rx_full$1$1
  0D:08B7    LUART_get_rx$rx_idx$1$1
  0D:08B9    LUART_get_rx$file_name$3$3
  0D:08E0    LUART_get_rx$file_name$3$5
  0D:0907    LUART_get_rx$file_name$3$7
  0D:092E    LUART_polled_tx_string$p_sz_string$1$1
  0D:092E    _UART_polled_tx_string_PARM_2
  0D:0931    LUART_polled_tx_string$this_uart$1$1
  0D:0934    LUART_polled_tx_string$char_idx$1$1
  0D:0938    LUART_polled_tx_string$file_name$3$3
  0D:095F    LUART_polled_tx_string$file_name$3$5
  0D:0986    LUART_get_rx_status$this_uart$1$1
  0D:0989    LUART_get_rx_status$status$1$1
  0D:098A    LUART_get_rx_status$file_name$3$3
  0D:09B1    F___drivers_CoreTimer_core_timer$NULL_timer_instance$0$0
  0D:09B4    LTMR_init$address$1$1
  0D:09B4    _TMR_init_PARM_2
  0D:09B6    LTMR_init$mode$1$1
  0D:09B6    _TMR_init_PARM_3
  0D:09B7    LTMR_init$prescale$1$1
  0D:09B7    _TMR_init_PARM_4
  0D:09BB    LTMR_init$load_value$1$1
  0D:09BB    _TMR_init_PARM_5
  0D:09BF    LTMR_init$this_timer$1$1
  0D:09C2    LTMR_init$file_name$3$3
  0D:09E4    LTMR_init$file_name$3$5
  0D:0A06    LTMR_init$file_name$3$7
  0D:0A28    LTMR_start$this_timer$1$1
  0D:0A2B    LTMR_start$file_name$3$3
  0D:0A4D    LTMR_stop$this_timer$1$1
  0D:0A50    LTMR_stop$file_name$3$3
  0D:0A72    LTMR_enable_int$this_timer$1$1
  0D:0A75    LTMR_enable_int$file_name$3$3
  0D:0A97    LTMR_clear_int$this_timer$1$1
  0D:0A9A    LTMR_clear_int$file_name$3$3
  0D:0ABC    LTMR_current_value$this_timer$1$1
  0D:0ABF    LTMR_current_value$file_name$3$3
  0D:0AE1    LTMR_reload$load_value$1$1
  0D:0AE1    _TMR_reload_PARM_2
  0D:0AE5    LTMR_reload$this_timer$1$1
  0D:0AE8    LTMR_reload$file_name$3$3
  0D:0B0A    LTMR_reload$file_name$3$5
  0D:0B2C    LGPIO_init$base_addr$1$1
  0D:0B2C    _GPIO_init_PARM_2
  0D:0B2E    LGPIO_init$bus_width$1$1
  0D:0B2E    _GPIO_init_PARM_3
  0D:0B2F    LGPIO_init$this_gpio$1$1
  0D:0B32    LGPIO_init$i$1$1
  0D:0B33    LGPIO_init$cfg_reg_addr$1$1
  0D:0B35    LGPIO_init$file_name$4$5
  0D:0B55    LGPIO_config$port_id$1$1
  0D:0B55    _GPIO_config_PARM_2
  0D:0B56    LGPIO_config$config$1$1
  0D:0B56    _GPIO_config_PARM_3
  0D:0B5A    LGPIO_config$this_gpio$1$1
  0D:0B5D    LGPIO_config$file_name$3$3
  0D:0B7D    LGPIO_config$file_name$4$6
  0D:0B9D    LGPIO_set_outputs$value$1$1
  0D:0B9D    _GPIO_set_outputs_PARM_2
  0D:0BA1    LGPIO_set_outputs$this_gpio$1$1
  0D:0BA4    LGPIO_set_outputs$file_name$4$4
  0D:0BC4    LGPIO_set_outputs$file_name$3$6
  0D:0BE4    LGPIO_get_inputs$this_gpio$1$1
  0D:0BE7    LGPIO_get_inputs$gpio_in$1$1
  0D:0BEB    LGPIO_get_inputs$file_name$4$4
  0D:0C0B    LGPIO_get_outputs$this_gpio$1$1
  0D:0C0E    LGPIO_get_outputs$gpio_out$1$1
  0D:0C12    LGPIO_get_outputs$file_name$4$4
  0D:0C32    LGPIO_set_output$port_id$1$1
  0D:0C32    _GPIO_set_output_PARM_2
  0D:0C33    LGPIO_set_output$value$1$1
  0D:0C33    _GPIO_set_output_PARM_3
  0D:0C34    LGPIO_set_output$this_gpio$1$1
  0D:0C37    LGPIO_set_output$file_name$3$3
  0D:0C57    LGPIO_set_output$outputs_state$3$5
  0D:0C5B    LGPIO_set_output$file_name$5$9
  0D:0C7B    LGPIO_set_output$outputs_state$3$10
  0D:0C7D    LGPIO_set_output$file_name$5$14
  0D:0C9D    LGPIO_set_output$outputs_state$3$15
  0D:0C9E    LGPIO_set_output$file_name$5$19
  0D:0CBE    LGPIO_set_output$file_name$4$21
  0D:0CDE    LGPIO_drive_inout$port_id$1$1
  0D:0CDE    _GPIO_drive_inout_PARM_2
  0D:0CDF    LGPIO_drive_inout$inout_state$1$1
  0D:0CDF    _GPIO_drive_inout_PARM_3
  0D:0CE0    LGPIO_drive_inout$this_gpio$1$1
  0D:0CE3    LGPIO_drive_inout$file_name$3$3
  0D:0D03    LGPIO_drive_inout$file_name$4$6
  0D:0D23    LGPIO_enable_irq$port_id$1$1
  0D:0D23    _GPIO_enable_irq_PARM_2
  0D:0D24    LGPIO_enable_irq$this_gpio$1$1
  0D:0D27    LGPIO_enable_irq$file_name$3$3
  0D:0D47    LGPIO_disable_irq$port_id$1$1
  0D:0D47    _GPIO_disable_irq_PARM_2
  0D:0D48    LGPIO_disable_irq$this_gpio$1$1
  0D:0D4B    LGPIO_disable_irq$file_name$3$3
  0D:0D6B    LGPIO_clear_irq$port_id$1$1
  0D:0D6B    _GPIO_clear_irq_PARM_2
  0D:0D6C    LGPIO_clear_irq$this_gpio$1$1
  0D:0D6F    LGPIO_clear_irq$file_name$4$4
  0D:0D8F    __divuint_PARM_2
  0D:0D95    __gptrput_PARM_2
  0D:0D96    __mulint_PARM_2
  0D:0D98    __mullong_PARM_2
  0D:0D9C    __moduint_PARM_2

Hexadecimal

Area                               Addr   Size   Decimal Bytes (Attributes)
--------------------------------   ----   ----   ------- ----- ------------
XISEG                              0DA1   0005 =      5. bytes (REL,CON,XDATA)

      Value  Global
   --------  --------------------------------
  0D:0DA1    G$user_input$0$0
  0D:0DA1    _user_input
  0D:0DA5    G$last_rt_subaddress$0$0
  0D:0DA5    _last_rt_subaddress

Hexadecimal

Area                               Addr   Size   Decimal Bytes (Attributes)
--------------------------------   ----   ----   ------- ----- ------------
HOME                               0000   0008 =      8. bytes (REL,CON,CODE)

      Value  Global
   --------  --------------------------------
  0C:0000    A$main$120
  0C:0003    A$main$142
  0C:0003    __sdcc_program_startup
  0C:0006    A$main$144

Hexadecimal

Area                               Addr   Size   Decimal Bytes (Attributes)
--------------------------------   ----   ----   ------- ----- ------------
GSINIT0                            0008   0003 =      3. bytes (REL,CON,CODE)

      Value  Global
   --------  --------------------------------
  0C:0008    __sdcc_gsinit_startup

Hexadecimal

Area                               Addr   Size   Decimal Bytes (Attributes)
--------------------------------   ----   ----   ------- ----- ------------
GSINIT1                            000B   0000 =      0. bytes (REL,CON,CODE)

Hexadecimal

Area                               Addr   Size   Decimal Bytes (Attributes)
--------------------------------   ----   ----   ------- ----- ------------
GSINIT2                            000B   000A =     10. bytes (REL,CON,CODE)

Hexadecimal

Area                               Addr   Size   Decimal Bytes (Attributes)
--------------------------------   ----   ----   ------- ----- ------------
GSINIT3                            0015   0022 =     34. bytes (REL,CON,CODE)

      Value  Global
   --------  --------------------------------
  0C:0015    __mcs51_genXINIT

Hexadecimal

Area                               Addr   Size   Decimal Bytes (Attributes)
--------------------------------   ----   ----   ------- ----- ------------
GSINIT4                            0037   0028 =     40. bytes (REL,CON,CODE)

      Value  Global
   --------  --------------------------------
  0C:0037    __mcs51_genRAMCLEAR
  0C:003D    __mcs51_genXRAMCLEAR

Hexadecimal

Area                               Addr   Size   Decimal Bytes (Attributes)
--------------------------------   ----   ----   ------- ----- ------------
GSINIT5                            005F   0000 =      0. bytes (REL,CON,CODE)

Hexadecimal

Area                               Addr   Size   Decimal Bytes (Attributes)
--------------------------------   ----   ----   ------- ----- ------------
GSINIT                             005F   0000 =      0. bytes (REL,CON,CODE)

Hexadecimal

Area                               Addr   Size   Decimal Bytes (Attributes)
--------------------------------   ----   ----   ------- ----- ------------
GSFINAL                            005F   0003 =      3. bytes (REL,CON,CODE)

      Value  Global
   --------  --------------------------------
  0C:005F    A$main$135

Hexadecimal

Area                               Addr   Size   Decimal Bytes (Attributes)
--------------------------------   ----   ----   ------- ----- ------------
CSEG                               0062   71B4 =  29108. bytes (REL,CON,CODE)

      Value  Global
   --------  --------------------------------
  0C:0062    A$cli$213
  0C:0062    C$cli.c$20$0$0
  0C:0062    C$cli.c$21$1$0
  0C:0062    G$display_help$0$0
  0C:0062    _display_help
  0C:0065    A$cli$214
  0C:0067    A$cli$215
  0C:0068    A$cli$218
  0C:006B    A$cli$219
  0C:006D    A$cli$220
  0C:006E    A$cli$223
  0C:0071    A$cli$224
  0C:0073    A$cli$225
  0C:0074    A$cli$228
  0C:0077    A$cli$229
  0C:0079    A$cli$230
  0C:007A    A$cli$233
  0C:007D    A$cli$234
  0C:007F    A$cli$235
  0C:0080    A$cli$238
  0C:0083    A$cli$239
  0C:0085    A$cli$240
  0C:0086    A$cli$243
  0C:0089    A$cli$244
  0C:008B    A$cli$245
  0C:008C    A$cli$248
  0C:008F    A$cli$249
  0C:0091    A$cli$250
  0C:0092    A$cli$253
  0C:0095    A$cli$254
  0C:0097    A$cli$255
  0C:0098    A$cli$258
  0C:009B    A$cli$259
  0C:009D    A$cli$260
  0C:009E    A$cli$263
  0C:00A1    A$cli$264
  0C:00A3    A$cli$265
  0C:00A4    A$cli$268
  0C:00A7    A$cli$269
  0C:00A9    A$cli$270
  0C:00AA    A$cli$273
  0C:00AD    A$cli$274
  0C:00AF    A$cli$275
  0C:00B0    A$cli$278
  0C:00B3    A$cli$279
  0C:00B5    A$cli$280
  0C:00B6    A$cli$283
  0C:00B9    A$cli$284
  0C:00BB    A$cli$285
  0C:00BC    A$cli$288
  0C:00BF    A$cli$289
  0C:00C1    A$cli$290
  0C:00C2    A$cli$293
  0C:00C5    A$cli$294
  0C:00C7    A$cli$295
  0C:00C8    A$cli$298
  0C:00CB    A$cli$299
  0C:00CD    A$cli$300
  0C:00CE    A$cli$303
  0C:00D1    A$cli$304
  0C:00D3    A$cli$305
  0C:00D4    A$cli$308
  0C:00D7    A$cli$309
  0C:00D9    A$cli$310
  0C:00DA    A$cli$313
  0C:00DD    A$cli$314
  0C:00DF    A$cli$315
  0C:00E0    A$cli$318
  0C:00E3    A$cli$319
  0C:00E5    A$cli$320
  0C:00E6    A$cli$323
  0C:00E9    A$cli$324
  0C:00EB    A$cli$325
  0C:00EC    A$cli$328
  0C:00EF    A$cli$329
  0C:00F1    A$cli$330
  0C:00F2    A$cli$333
  0C:00F5    A$cli$334
  0C:00F7    A$cli$335
  0C:00F8    A$cli$338
  0C:00FB    A$cli$339
  0C:00FD    A$cli$340
  0C:00FE    A$cli$343
  0C:0101    A$cli$344
  0C:0103    A$cli$345
  0C:0104    A$cli$348
  0C:0107    A$cli$349
  0C:0109    A$cli$350
  0C:010A    A$cli$353
  0C:010D    A$cli$354
  0C:010F    A$cli$355
  0C:0110    A$cli$358
  0C:0113    A$cli$359
  0C:0115    A$cli$360
  0C:0116    A$cli$363
  0C:0119    A$cli$364
  0C:011B    A$cli$365
  0C:011C    A$cli$368
  0C:011F    A$cli$369
  0C:0121    A$cli$370
  0C:0122    A$cli$373
  0C:0125    A$cli$374
  0C:0127    A$cli$375
  0C:0128    A$cli$378
  0C:012B    A$cli$379
  0C:012D    A$cli$380
  0C:012E    A$cli$383
  0C:0131    A$cli$384
  0C:0133    A$cli$385
  0C:0134    A$cli$388
  0C:0137    A$cli$389
  0C:0139    A$cli$390
  0C:013A    A$cli$393
  0C:013D    A$cli$394
  0C:013F    A$cli$395
  0C:0140    A$cli$398
  0C:0143    A$cli$399
  0C:0145    A$cli$400
  0C:0146    A$cli$403
  0C:0149    A$cli$404
  0C:014B    A$cli$405
  0C:014C    A$cli$408
  0C:014F    A$cli$409
  0C:0151    A$cli$410
  0C:0152    A$cli$413
  0C:0155    A$cli$414
  0C:0157    A$cli$415
  0C:0158    A$cli$418
  0C:015B    A$cli$419
  0C:015D    A$cli$420
  0C:015E    A$cli$423
  0C:0161    A$cli$424
  0C:0163    A$cli$425
  0C:0164    A$cli$428
  0C:0167    A$cli$429
  0C:0169    A$cli$430
  0C:016A    A$cli$433
  0C:016D    A$cli$434
  0C:016F    A$cli$435
  0C:0170    A$cli$438
  0C:0173    A$cli$439
  0C:0175    A$cli$440
  0C:0176    A$cli$443
  0C:0179    A$cli$444
  0C:017B    A$cli$445
  0C:017C    A$cli$448
  0C:017F    A$cli$449
  0C:0181    A$cli$450
  0C:0182    A$cli$453
  0C:0185    A$cli$454
  0C:0187    A$cli$455
  0C:0188    A$cli$458
  0C:018B    A$cli$459
  0C:018D    A$cli$460
  0C:018E    A$cli$463
  0C:0191    A$cli$464
  0C:0193    A$cli$465
  0C:0194    A$cli$468
  0C:0197    A$cli$469
  0C:0199    A$cli$470
  0C:019A    A$cli$473
  0C:019D    A$cli$474
  0C:019F    A$cli$475
  0C:01A0    A$cli$478
  0C:01A3    A$cli$479
  0C:01A5    A$cli$480
  0C:01A6    A$cli$483
  0C:01A9    A$cli$484
  0C:01AB    A$cli$485
  0C:01AC    A$cli$488
  0C:01AF    A$cli$489
  0C:01B1    A$cli$490
  0C:01B2    A$cli$493
  0C:01B5    A$cli$494
  0C:01B7    A$cli$495
  0C:01B8    A$cli$498
  0C:01BB    A$cli$499
  0C:01BD    A$cli$500
  0C:01BE    A$cli$503
  0C:01C1    A$cli$504
  0C:01C3    A$cli$505
  0C:01C4    A$cli$508
  0C:01C7    A$cli$509
  0C:01C9    A$cli$510
  0C:01CA    A$cli$513
  0C:01CD    A$cli$514
  0C:01CF    A$cli$515
  0C:01D0    A$cli$518
  0C:01D3    A$cli$519
  0C:01D5    A$cli$520
  0C:01D6    A$cli$523
  0C:01D9    A$cli$524
  0C:01DB    A$cli$525
  0C:01DC    A$cli$528
  0C:01DF    A$cli$529
  0C:01E1    A$cli$530
  0C:01E2    A$cli$533
  0C:01E5    A$cli$534
  0C:01E7    A$cli$535
  0C:01E8    A$cli$538
  0C:01EB    A$cli$539
  0C:01ED    A$cli$540
  0C:01EE    A$cli$543
  0C:01F1    A$cli$544
  0C:01F3    A$cli$545
  0C:01F4    A$cli$548
  0C:01F7    A$cli$549
  0C:01F9    A$cli$550
  0C:01FA    A$cli$553
  0C:01FD    A$cli$554
  0C:01FF    A$cli$555
  0C:0200    A$cli$558
  0C:0203    A$cli$559
  0C:0205    A$cli$560
  0C:0206    A$cli$563
  0C:0209    A$cli$564
  0C:020B    A$cli$565
  0C:020C    A$cli$568
  0C:020F    A$cli$569
  0C:0211    A$cli$570
  0C:0212    A$cli$573
  0C:0215    A$cli$574
  0C:0217    A$cli$575
  0C:0218    A$cli$578
  0C:021B    A$cli$579
  0C:021D    A$cli$580
  0C:021E    A$cli$583
  0C:0221    A$cli$584
  0C:0223    A$cli$585
  0C:0224    A$cli$588
  0C:0227    A$cli$589
  0C:0229    A$cli$590
  0C:022A    A$cli$593
  0C:022D    A$cli$594
  0C:022F    A$cli$595
  0C:0230    A$cli$598
  0C:0233    A$cli$599
  0C:0235    A$cli$600
  0C:0236    A$cli$603
  0C:0239    A$cli$604
  0C:023B    A$cli$605
  0C:023C    A$cli$608
  0C:023F    A$cli$609
  0C:0241    A$cli$610
  0C:0242    A$cli$613
  0C:0245    A$cli$614
  0C:0247    A$cli$615
  0C:0248    A$cli$618
  0C:024B    A$cli$619
  0C:024D    A$cli$620
  0C:024E    A$cli$623
  0C:0251    A$cli$624
  0C:0253    A$cli$625
  0C:0254    A$cli$628
  0C:0257    A$cli$629
  0C:0259    A$cli$630
  0C:025A    A$cli$633
  0C:025D    A$cli$634
  0C:025F    A$cli$635
  0C:0260    A$cli$638
  0C:0263    A$cli$639
  0C:0265    A$cli$640
  0C:0266    A$cli$643
  0C:0269    A$cli$644
  0C:026B    A$cli$645
  0C:026C    A$cli$648
  0C:026F    A$cli$649
  0C:0271    A$cli$650
  0C:0272    A$cli$653
  0C:0275    A$cli$654
  0C:0277    A$cli$655
  0C:0278    A$cli$658
  0C:027B    A$cli$659
  0C:027D    A$cli$660
  0C:027E    A$cli$663
  0C:0281    A$cli$664
  0C:0283    A$cli$665
  0C:0284    A$cli$668
  0C:0287    A$cli$669
  0C:0289    A$cli$670
  0C:028A    A$cli$673
  0C:028D    A$cli$674
  0C:028F    A$cli$675
  0C:0290    A$cli$678
  0C:0293    A$cli$679
  0C:0295    A$cli$680
  0C:0296    A$cli$683
  0C:0299    A$cli$684
  0C:029B    A$cli$685
  0C:029C    A$cli$688
  0C:029F    A$cli$689
  0C:02A1    A$cli$690
  0C:02A2    A$cli$693
  0C:02A5    A$cli$694
  0C:02A7    A$cli$695
  0C:02A8    A$cli$698
  0C:02AB    A$cli$699
  0C:02AD    A$cli$700
  0C:02AE    A$cli$703
  0C:02B1    A$cli$704
  0C:02B3    A$cli$705
  0C:02B4    A$cli$708
  0C:02B7    A$cli$709
  0C:02B9    A$cli$710
  0C:02BA    A$cli$713
  0C:02BD    A$cli$714
  0C:02BF    A$cli$715
  0C:02C0    A$cli$718
  0C:02C3    A$cli$719
  0C:02C5    A$cli$720
  0C:02C6    A$cli$723
  0C:02C9    A$cli$724
  0C:02CB    A$cli$725
  0C:02CC    A$cli$728
  0C:02CF    A$cli$729
  0C:02D1    A$cli$730
  0C:02D2    A$cli$733
  0C:02D5    A$cli$734
  0C:02D7    A$cli$735
  0C:02D8    A$cli$738
  0C:02DB    A$cli$739
  0C:02DD    A$cli$740
  0C:02DE    A$cli$743
  0C:02E1    A$cli$744
  0C:02E3    A$cli$745
  0C:02E4    A$cli$748
  0C:02E7    A$cli$749
  0C:02E9    A$cli$750
  0C:02EA    A$cli$753
  0C:02ED    A$cli$754
  0C:02EF    A$cli$755
  0C:02F0    A$cli$758
  0C:02F3    A$cli$759
  0C:02F5    A$cli$760
  0C:02F6    A$cli$763
  0C:02F9    A$cli$764
  0C:02FB    A$cli$765
  0C:02FC    A$cli$768
  0C:02FF    A$cli$769
  0C:0301    A$cli$770
  0C:0302    A$cli$773
  0C:0305    A$cli$774
  0C:0307    A$cli$775
  0C:0308    A$cli$778
  0C:030B    A$cli$779
  0C:030D    A$cli$780
  0C:030E    A$cli$783
  0C:0311    A$cli$784
  0C:0313    A$cli$785
  0C:0314    A$cli$788
  0C:0317    A$cli$789
  0C:0319    A$cli$790
  0C:031A    A$cli$793
  0C:031D    A$cli$794
  0C:031F    A$cli$795
  0C:0320    A$cli$798
  0C:0323    A$cli$799
  0C:0325    A$cli$800
  0C:0326    A$cli$803
  0C:0329    A$cli$804
  0C:032B    A$cli$805
  0C:032C    A$cli$808
  0C:032F    A$cli$809
  0C:0331    A$cli$810
  0C:0332    A$cli$813
  0C:0335    A$cli$814
  0C:0337    A$cli$815
  0C:0338    A$cli$818
  0C:033B    A$cli$819
  0C:033D    A$cli$820
  0C:033E    A$cli$823
  0C:0341    A$cli$824
  0C:0343    A$cli$825
  0C:0344    A$cli$828
  0C:0347    A$cli$829
  0C:0349    A$cli$830
  0C:034A    A$cli$833
  0C:034D    A$cli$834
  0C:034F    A$cli$835
  0C:0350    A$cli$838
  0C:0353    A$cli$839
  0C:0355    A$cli$840
  0C:0356    A$cli$843
  0C:0359    A$cli$844
  0C:035B    A$cli$845
  0C:035C    A$cli$848
  0C:035F    A$cli$849
  0C:0361    A$cli$850
  0C:0362    A$cli$853
  0C:0365    A$cli$854
  0C:0367    A$cli$855
  0C:0368    A$cli$858
  0C:036B    A$cli$859
  0C:036D    A$cli$860
  0C:036E    A$cli$863
  0C:0371    A$cli$864
  0C:0373    A$cli$865
  0C:0374    A$cli$868
  0C:0377    A$cli$869
  0C:0379    A$cli$870
  0C:037A    A$cli$873
  0C:037D    A$cli$874
  0C:037F    A$cli$875
  0C:0380    A$cli$878
  0C:0383    A$cli$879
  0C:0385    A$cli$880
  0C:0386    A$cli$883
  0C:0389    A$cli$884
  0C:038B    A$cli$885
  0C:038C    A$cli$888
  0C:038F    A$cli$889
  0C:0391    A$cli$890
  0C:0392    A$cli$893
  0C:0395    A$cli$894
  0C:0397    A$cli$895
  0C:0398    A$cli$898
  0C:039B    A$cli$899
  0C:039D    A$cli$900
  0C:039E    A$cli$903
  0C:03A1    A$cli$904
  0C:03A3    A$cli$905
  0C:03A4    A$cli$908
  0C:03A7    A$cli$909
  0C:03A9    A$cli$910
  0C:03AA    A$cli$913
  0C:03AD    A$cli$914
  0C:03AF    A$cli$915
  0C:03B0    A$cli$918
  0C:03B3    A$cli$919
  0C:03B5    A$cli$920
  0C:03B6    A$cli$923
  0C:03B9    A$cli$924
  0C:03BB    A$cli$925
  0C:03BC    A$cli$928
  0C:03BF    A$cli$929
  0C:03C1    A$cli$930
  0C:03C2    A$cli$933
  0C:03C5    A$cli$934
  0C:03C7    A$cli$935
  0C:03C8    A$cli$938
  0C:03CB    A$cli$939
  0C:03CD    A$cli$940
  0C:03CE    A$cli$943
  0C:03D1    A$cli$944
  0C:03D3    A$cli$945
  0C:03D4    A$cli$948
  0C:03D7    A$cli$949
  0C:03D9    A$cli$950
  0C:03DA    A$cli$953
  0C:03DD    A$cli$954
  0C:03DF    A$cli$955
  0C:03E0    A$cli$958
  0C:03E3    A$cli$959
  0C:03E5    A$cli$960
  0C:03E6    A$cli$963
  0C:03E9    A$cli$964
  0C:03EB    A$cli$965
  0C:03EC    A$cli$968
  0C:03EF    A$cli$969
  0C:03F1    A$cli$970
  0C:03F2    A$cli$973
  0C:03F5    A$cli$974
  0C:03F7    A$cli$975
  0C:03F8    A$cli$978
  0C:03FB    A$cli$979
  0C:03FD    A$cli$980
  0C:03FE    A$cli$983
  0C:0401    A$cli$984
  0C:0403    A$cli$985
  0C:0404    A$cli$988
  0C:0407    A$cli$989
  0C:0409    A$cli$990
  0C:040A    A$cli$993
  0C:040D    A$cli$994
  0C:040F    A$cli$995
  0C:0410    A$cli$998
  0C:0413    A$cli$999
  0C:0415    A$cli$1000
  0C:0416    A$cli$1003
  0C:0419    A$cli$1004
  0C:041B    A$cli$1005
  0C:041C    A$cli$1008
  0C:041F    A$cli$1009
  0C:0421    A$cli$1010
  0C:0422    A$cli$1013
  0C:0425    A$cli$1014
  0C:0427    A$cli$1015
  0C:0428    A$cli$1018
  0C:042B    A$cli$1019
  0C:042D    A$cli$1020
  0C:042E    A$cli$1023
  0C:0431    A$cli$1024
  0C:0433    A$cli$1025
  0C:0434    A$cli$1028
  0C:0437    A$cli$1029
  0C:0439    A$cli$1030
  0C:043A    A$cli$1033
  0C:043D    A$cli$1034
  0C:043F    A$cli$1035
  0C:0440    A$cli$1038
  0C:0443    A$cli$1039
  0C:0445    A$cli$1040
  0C:0446    A$cli$1043
  0C:0449    A$cli$1044
  0C:044B    A$cli$1045
  0C:044C    A$cli$1048
  0C:044F    A$cli$1049
  0C:0451    A$cli$1050
  0C:0452    A$cli$1053
  0C:0455    A$cli$1054
  0C:0457    A$cli$1055
  0C:0458    A$cli$1058
  0C:045B    A$cli$1059
  0C:045D    A$cli$1060
  0C:045E    A$cli$1063
  0C:0461    A$cli$1064
  0C:0463    A$cli$1065
  0C:0464    A$cli$1068
  0C:0467    A$cli$1069
  0C:0469    A$cli$1070
  0C:046A    A$cli$1073
  0C:046D    A$cli$1074
  0C:046F    A$cli$1075
  0C:0470    A$cli$1078
  0C:0473    A$cli$1079
  0C:0475    A$cli$1080
  0C:0476    A$cli$1083
  0C:0479    A$cli$1084
  0C:047B    A$cli$1085
  0C:047C    A$cli$1088
  0C:047F    A$cli$1089
  0C:0481    A$cli$1090
  0C:0482    A$cli$1093
  0C:0485    A$cli$1094
  0C:0487    A$cli$1095
  0C:0488    A$cli$1098
  0C:048B    A$cli$1099
  0C:048D    A$cli$1100
  0C:048E    A$cli$1103
  0C:0491    A$cli$1104
  0C:0493    A$cli$1105
  0C:0494    A$cli$1108
  0C:0497    A$cli$1109
  0C:0499    A$cli$1110
  0C:049A    A$cli$1113
  0C:049D    A$cli$1114
  0C:049F    A$cli$1115
  0C:04A0    A$cli$1118
  0C:04A3    A$cli$1119
  0C:04A5    A$cli$1120
  0C:04A6    A$cli$1123
  0C:04A9    A$cli$1124
  0C:04AB    A$cli$1125
  0C:04AC    A$cli$1128
  0C:04AF    A$cli$1129
  0C:04B1    A$cli$1130
  0C:04B2    A$cli$1133
  0C:04B5    A$cli$1134
  0C:04B7    A$cli$1135
  0C:04B8    A$cli$1138
  0C:04BB    A$cli$1139
  0C:04BD    A$cli$1140
  0C:04BE    A$cli$1143
  0C:04C1    A$cli$1144
  0C:04C3    A$cli$1145
  0C:04C4    A$cli$1148
  0C:04C7    A$cli$1149
  0C:04C9    A$cli$1150
  0C:04CA    A$cli$1153
  0C:04CD    A$cli$1154
  0C:04CF    A$cli$1155
  0C:04D0    A$cli$1158
  0C:04D3    A$cli$1159
  0C:04D5    A$cli$1160
  0C:04D6    A$cli$1163
  0C:04D9    A$cli$1164
  0C:04DB    A$cli$1165
  0C:04DC    A$cli$1168
  0C:04DF    A$cli$1169
  0C:04E1    A$cli$1170
  0C:04E2    A$cli$1173
  0C:04E5    A$cli$1174
  0C:04E7    A$cli$1175
  0C:04E8    A$cli$1178
  0C:04EB    A$cli$1179
  0C:04ED    A$cli$1180
  0C:04EE    A$cli$1183
  0C:04F1    A$cli$1184
  0C:04F3    A$cli$1185
  0C:04F4    A$cli$1188
  0C:04F7    A$cli$1189
  0C:04F9    A$cli$1190
  0C:04FA    A$cli$1193
  0C:04FD    A$cli$1194
  0C:04FF    A$cli$1195
  0C:0500    A$cli$1198
  0C:0503    A$cli$1199
  0C:0505    A$cli$1200
  0C:0506    A$cli$1203
  0C:0509    A$cli$1204
  0C:050B    A$cli$1205
  0C:050C    A$cli$1208
  0C:050F    A$cli$1209
  0C:0511    A$cli$1210
  0C:0512    A$cli$1213
  0C:0515    A$cli$1214
  0C:0517    A$cli$1215
  0C:0518    A$cli$1218
  0C:051B    A$cli$1219
  0C:051D    A$cli$1220
  0C:051E    A$cli$1223
  0C:0521    A$cli$1224
  0C:0523    A$cli$1225
  0C:0524    A$cli$1228
  0C:0527    A$cli$1229
  0C:0529    A$cli$1230
  0C:052A    A$cli$1233
  0C:052D    A$cli$1234
  0C:052F    A$cli$1235
  0C:0530    A$cli$1238
  0C:0533    A$cli$1239
  0C:0535    A$cli$1240
  0C:0536    A$cli$1243
  0C:0539    A$cli$1244
  0C:053B    A$cli$1245
  0C:053C    A$cli$1248
  0C:053F    A$cli$1249
  0C:0541    A$cli$1250
  0C:0542    A$cli$1253
  0C:0545    A$cli$1254
  0C:0547    A$cli$1255
  0C:0548    A$cli$1258
  0C:054B    A$cli$1259
  0C:054D    A$cli$1260
  0C:054E    A$cli$1263
  0C:0551    A$cli$1264
  0C:0553    A$cli$1265
  0C:0554    A$cli$1268
  0C:0557    A$cli$1269
  0C:0559    A$cli$1270
  0C:055A    A$cli$1273
  0C:055D    A$cli$1274
  0C:055F    A$cli$1275
  0C:0560    A$cli$1278
  0C:0563    A$cli$1279
  0C:0565    A$cli$1280
  0C:0566    A$cli$1283
  0C:0569    A$cli$1284
  0C:056B    A$cli$1285
  0C:056C    A$cli$1288
  0C:056F    A$cli$1289
  0C:0571    A$cli$1290
  0C:0572    A$cli$1293
  0C:0575    A$cli$1294
  0C:0577    A$cli$1295
  0C:0578    A$cli$1298
  0C:057B    A$cli$1299
  0C:057D    A$cli$1300
  0C:057E    A$cli$1303
  0C:0581    A$cli$1304
  0C:0583    A$cli$1305
  0C:0584    A$cli$1308
  0C:0587    A$cli$1309
  0C:0589    A$cli$1310
  0C:058A    A$cli$1313
  0C:058D    A$cli$1314
  0C:058F    A$cli$1315
  0C:0590    A$cli$1318
  0C:0593    A$cli$1319
  0C:0595    A$cli$1320
  0C:0596    A$cli$1323
  0C:0599    A$cli$1324
  0C:059B    A$cli$1325
  0C:059C    A$cli$1328
  0C:059F    A$cli$1329
  0C:05A1    A$cli$1330
  0C:05A2    A$cli$1333
  0C:05A5    A$cli$1334
  0C:05A7    A$cli$1335
  0C:05A8    A$cli$1338
  0C:05AB    A$cli$1339
  0C:05AD    A$cli$1340
  0C:05AE    A$cli$1343
  0C:05B1    A$cli$1344
  0C:05B3    A$cli$1345
  0C:05B4    A$cli$1348
  0C:05B7    A$cli$1349
  0C:05B9    A$cli$1350
  0C:05BA    A$cli$1353
  0C:05BD    A$cli$1354
  0C:05BF    A$cli$1355
  0C:05C0    A$cli$1358
  0C:05C3    A$cli$1359
  0C:05C5    A$cli$1360
  0C:05C6    A$cli$1363
  0C:05C9    A$cli$1364
  0C:05CB    A$cli$1365
  0C:05CC    A$cli$1368
  0C:05CF    A$cli$1369
  0C:05D1    A$cli$1370
  0C:05D2    A$cli$1373
  0C:05D5    A$cli$1374
  0C:05D7    A$cli$1375
  0C:05D8    A$cli$1378
  0C:05DB    A$cli$1379
  0C:05DD    A$cli$1380
  0C:05DE    A$cli$1383
  0C:05E1    A$cli$1384
  0C:05E3    A$cli$1385
  0C:05E4    A$cli$1388
  0C:05E7    A$cli$1389
  0C:05E9    A$cli$1390
  0C:05EA    A$cli$1393
  0C:05ED    A$cli$1394
  0C:05EF    A$cli$1395
  0C:05F0    A$cli$1398
  0C:05F3    A$cli$1399
  0C:05F5    A$cli$1400
  0C:05F6    A$cli$1403
  0C:05F9    A$cli$1404
  0C:05FB    A$cli$1405
  0C:05FC    A$cli$1408
  0C:05FF    A$cli$1409
  0C:0601    A$cli$1410
  0C:0602    A$cli$1413
  0C:0605    A$cli$1414
  0C:0607    A$cli$1415
  0C:0608    A$cli$1418
  0C:060B    A$cli$1419
  0C:060D    A$cli$1420
  0C:060E    A$cli$1423
  0C:0611    A$cli$1424
  0C:0613    A$cli$1425
  0C:0614    A$cli$1428
  0C:0617    A$cli$1429
  0C:0619    A$cli$1430
  0C:061A    A$cli$1433
  0C:061D    A$cli$1434
  0C:061F    A$cli$1435
  0C:0620    A$cli$1438
  0C:0623    A$cli$1439
  0C:0625    A$cli$1440
  0C:0626    A$cli$1443
  0C:0629    A$cli$1444
  0C:062B    A$cli$1445
  0C:062C    A$cli$1448
  0C:062F    A$cli$1449
  0C:0631    A$cli$1450
  0C:0632    A$cli$1453
  0C:0635    A$cli$1454
  0C:0637    A$cli$1455
  0C:0638    A$cli$1458
  0C:063B    A$cli$1459
  0C:063D    A$cli$1460
  0C:063E    A$cli$1463
  0C:0641    A$cli$1464
  0C:0643    A$cli$1465
  0C:0644    A$cli$1468
  0C:0647    A$cli$1469
  0C:0649    A$cli$1470
  0C:064A    A$cli$1473
  0C:064D    A$cli$1474
  0C:064F    A$cli$1475
  0C:0650    A$cli$1478
  0C:0653    A$cli$1479
  0C:0655    A$cli$1480
  0C:0656    A$cli$1483
  0C:0659    A$cli$1484
  0C:065B    A$cli$1485
  0C:065C    A$cli$1488
  0C:065F    A$cli$1489
  0C:0661    A$cli$1490
  0C:0662    A$cli$1493
  0C:0665    A$cli$1494
  0C:0667    A$cli$1495
  0C:0668    A$cli$1498
  0C:066B    A$cli$1499
  0C:066D    A$cli$1500
  0C:066E    A$cli$1503
  0C:0671    A$cli$1504
  0C:0673    A$cli$1505
  0C:0674    A$cli$1508
  0C:0677    A$cli$1509
  0C:0679    A$cli$1510
  0C:067A    A$cli$1513
  0C:067D    A$cli$1514
  0C:067F    A$cli$1515
  0C:0680    A$cli$1518
  0C:0683    A$cli$1519
  0C:0685    A$cli$1520
  0C:0686    A$cli$1523
  0C:0689    A$cli$1524
  0C:068B    A$cli$1525
  0C:068C    A$cli$1528
  0C:068F    A$cli$1529
  0C:0691    A$cli$1530
  0C:0692    A$cli$1533
  0C:0695    A$cli$1534
  0C:0697    A$cli$1535
  0C:0698    A$cli$1539
  0C:0698    C$cli.c$33$1$1
  0C:069B    A$cli$1540
  0C:069D    A$cli$1541
  0C:069E    A$cli$1542
  0C:069F    A$cli$1543
  0C:06A1    A$cli$1544
  0C:06A2    A$cli$1545
  0C:06A3    A$cli$1546
  0C:06A5    A$cli$1547
  0C:06A6    A$cli$1549
  0C:06A9    A$cli$1550
  0C:06AB    A$cli$1551
  0C:06AC    A$cli$1552
  0C:06AD    A$cli$1553
  0C:06AF    A$cli$1554
  0C:06B0    A$cli$1556
  0C:06B3    A$cli$1557
  0C:06B6    A$cli$1558
  0C:06B9    A$cli$1559
  0C:06BC    A$cli$1563
  0C:06BC    C$cli.c$36$1$1
  0C:06BC    XG$display_help$0$0
  0C:06BD    A$cli$1578
  0C:06BD    C$cli.c$40$1$1
  0C:06BD    C$cli.c$42$1$1
  0C:06BD    G$display_prompt$0$0
  0C:06BD    _display_prompt
  0C:06C0    A$cli$1579
  0C:06C3    A$cli$1580
  0C:06C6    A$cli$1581
  0C:06C9    A$cli$1585
  0C:06C9    C$cli.c$45$1$1
  0C:06C9    XG$display_prompt$0$0
  0C:06CA    A$cli$1605
  0C:06CA    C$cli.c$49$1$1
  0C:06CA    C$cli.c$56$2$2
  0C:06CA    C$cli.c$57$2$2
  0C:06CA    G$get_key_selection$0$0
  0C:06CA    _get_key_selection
  0C:06CD    A$cli$1606
  0C:06CF    A$cli$1607
  0C:06D0    A$cli$1608
  0C:06D1    A$cli$1609
  0C:06D3    A$cli$1610
  0C:06D4    A$cli$1611
  0C:06D5    A$cli$1612
  0C:06D7    A$cli$1613
  0C:06D8    A$cli$1615
  0C:06DB    A$cli$1616
  0C:06DD    A$cli$1617
  0C:06DE    A$cli$1618
  0C:06DF    A$cli$1619
  0C:06E0    A$cli$1620
  0C:06E1    A$cli$1622
  0C:06E4    A$cli$1623
  0C:06E7    A$cli$1624
  0C:06EA    A$cli$1625
  0C:06ED    A$cli$1626
  0C:06EF    A$cli$1627
  0C:06F1    A$cli$1632
  0C:06F1    C$cli.c$58$1$1
  0C:06F2    A$cli$1634
  0C:06F4    A$cli$1635
  0C:06F7    A$cli$1641
  0C:06F7    C$cli.c$60$1$1
  0C:06FA    A$cli$1642
  0C:06FB    A$cli$1643
  0C:06FC    A$cli$1645
  0C:06FF    A$cli$1646
  0C:0700    A$cli$1647
  0C:0701    A$cli$1651
  0C:0701    C$cli.c$62$1$1
  0C:0704    A$cli$1652
  0C:0706    A$cli$1653
  0C:0707    A$cli$1654
  0C:0708    A$cli$1655
  0C:070A    A$cli$1656
  0C:070B    A$cli$1657
  0C:070C    A$cli$1658
  0C:070E    A$cli$1659
  0C:070F    A$cli$1661
  0C:0712    A$cli$1662
  0C:0714    A$cli$1663
  0C:0715    A$cli$1664
  0C:0716    A$cli$1665
  0C:0717    A$cli$1666
  0C:0718    A$cli$1668
  0C:071B    A$cli$1669
  0C:071E    A$cli$1670
  0C:0721    A$cli$1671
  0C:0724    A$cli$1676
  0C:0724    C$cli.c$63$1$1
  0C:0727    A$cli$1677
  0C:0728    A$cli$1678
  0C:0729    A$cli$1680
  0C:072B    A$cli$1684
  0C:072B    C$cli.c$65$1$1
  0C:072B    XG$get_key_selection$0$0
  0C:072C    A$cli$1701
  0C:072C    C$cli.c$72$1$1
  0C:072C    G$read_user_input$0$0
  0C:072C    _read_user_input
  0C:072E    A$cli$1702
  0C:0730    A$cli$1703
  0C:0732    A$cli$1704
  0C:0735    A$cli$1705
  0C:0736    A$cli$1706
  0C:0737    A$cli$1707
  0C:0738    A$cli$1708
  0C:0739    A$cli$1709
  0C:073A    A$cli$1710
  0C:073B    A$cli$1711
  0C:073C    A$cli$1715
  0C:073C    C$cli.c$74$1$1
  0C:073F    A$cli$1716
  0C:0741    A$cli$1717
  0C:0742    A$cli$1721
  0C:0745    A$cli$1722
  0C:0747    A$cli$1723
  0C:0748    A$cli$1726
  0C:074B    A$cli$1727
  0C:074C    A$cli$1728
  0C:074D    A$cli$1731
  0C:0750    A$cli$1734
  0C:0752    A$cli$1735
  0C:0755    A$cli$1740
  0C:0755    C$cli.c$79$2$2
  0C:0757    A$cli$1741
  0C:0759    A$cli$1742
  0C:075B    A$cli$1743
  0C:075D    A$cli$1744
  0C:075F    A$cli$1745
  0C:0761    A$cli$1748
  0C:0763    A$cli$1749
  0C:0764    A$cli$1753
  0C:0764    C$cli.c$77$1$1
  0C:0767    A$cli$1755
  0C:0768    A$cli$1756
  0C:0769    A$cli$1757
  0C:076A    A$cli$1758
  0C:076D    A$cli$1763
  0C:076D    C$cli.c$81$1$1
  0C:0770    A$cli$1764
  0C:0772    A$cli$1765
  0C:0773    A$cli$1769
  0C:0773    C$cli.c$82$3$4
  0C:0776    A$cli$1770
  0C:0777    A$cli$1771
  0C:0778    A$cli$1772
  0C:0779    A$cli$1773
  0C:077A    A$cli$1774
  0C:077B    A$cli$1775
  0C:077C    A$cli$1776
  0C:077D    A$cli$1777
  0C:077E    A$cli$1780
  0C:0781    A$cli$1781
  0C:0782    A$cli$1782
  0C:0783    A$cli$1785
  0C:0786    A$cli$1786
  0C:0789    A$cli$1791
  0C:0789    C$cli.c$84$2$3
  0C:078C    A$cli$1792
  0C:078E    A$cli$1793
  0C:078F    A$cli$1794
  0C:0790    A$cli$1795
  0C:0792    A$cli$1796
  0C:0793    A$cli$1797
  0C:0794    A$cli$1798
  0C:0796    A$cli$1799
  0C:0797    A$cli$1801
  0C:079A    A$cli$1802
  0C:079C    A$cli$1803
  0C:079D    A$cli$1804
  0C:079E    A$cli$1805
  0C:079F    A$cli$1806
  0C:07A0    A$cli$1808
  0C:07A3    A$cli$1809
  0C:07A6    A$cli$1810
  0C:07A9    A$cli$1811
  0C:07AB    A$cli$1812
  0C:07AD    A$cli$1813
  0C:07AF    A$cli$1814
  0C:07B2    A$cli$1815
  0C:07B4    A$cli$1816
  0C:07B6    A$cli$1817
  0C:07B8    A$cli$1818
  0C:07BA    A$cli$1819
  0C:07BC    A$cli$1824
  0C:07BC    C$cli.c$85$2$3
  0C:07BD    A$cli$1826
  0C:07BF    A$cli$1827
  0C:07C2    A$cli$1832
  0C:07C2    C$cli.c$88$3$4
  0C:07C5    A$cli$1833
  0C:07C6    A$cli$1834
  0C:07C7    A$cli$1836
  0C:07C9    A$cli$1837
  0C:07CB    A$cli$1838
  0C:07CC    A$cli$1839
  0C:07CE    A$cli$1840
  0C:07D0    A$cli$1841
  0C:07D1    A$cli$1842
  0C:07D3    A$cli$1844
  0C:07D6    A$cli$1845
  0C:07D7    A$cli$1846
  0C:07D8    A$cli$1849
  0C:07DA    A$cli$1850
  0C:07DC    A$cli$1851
  0C:07DE    A$cli$1852
  0C:07DF    A$cli$1853
  0C:07E2    A$cli$1857
  0C:07E2    C$cli.c$89$3$4
  0C:07E5    A$cli$1858
  0C:07E7    A$cli$1859
  0C:07E8    A$cli$1860
  0C:07E9    A$cli$1861
  0C:07EB    A$cli$1862
  0C:07EC    A$cli$1863
  0C:07ED    A$cli$1864
  0C:07EF    A$cli$1865
  0C:07F0    A$cli$1867
  0C:07F3    A$cli$1868
  0C:07F5    A$cli$1869
  0C:07F6    A$cli$1870
  0C:07F7    A$cli$1871
  0C:07F8    A$cli$1872
  0C:07F9    A$cli$1874
  0C:07FC    A$cli$1875
  0C:07FF    A$cli$1876
  0C:0802    A$cli$1877
  0C:0804    A$cli$1878
  0C:0806    A$cli$1879
  0C:0808    A$cli$1880
  0C:080A    A$cli$1881
  0C:080D    A$cli$1882
  0C:080F    A$cli$1883
  0C:0811    A$cli$1884
  0C:0813    A$cli$1885
  0C:0815    A$cli$1889
  0C:0815    C$cli.c$90$3$4
  0C:0818    A$cli$1891
  0C:0819    A$cli$1892
  0C:081A    A$cli$1893
  0C:081B    A$cli$1896
  0C:081B    C$cli.c$91$1$1
  0C:081E    A$cli$1900
  0C:081E    C$cli.c$95$1$1
  0C:081E    XG$read_user_input$0$0
  0C:081F    A$cli$1919
  0C:081F    C$cli.c$102$1$1
  0C:081F    C$cli.c$107$1$1
  0C:081F    G$display_brt_regs$0$0
  0C:081F    _display_brt_regs
  0C:0822    A$cli$1920
  0C:0824    A$cli$1921
  0C:0825    A$cli$1922
  0C:0826    A$cli$1923
  0C:0828    A$cli$1924
  0C:0829    A$cli$1925
  0C:082A    A$cli$1926
  0C:082C    A$cli$1927
  0C:082D    A$cli$1928
  0C:082E    A$cli$1929
  0C:0830    A$cli$1930
  0C:0831    A$cli$1934
  0C:0831    C$cli.c$109$1$1
  0C:0834    A$cli$1935
  0C:0837    A$cli$1936
  0C:083A    A$cli$1937
  0C:083D    A$cli$1941
  0C:0840    A$cli$1942
  0C:0842    A$cli$1943
  0C:0843    A$cli$1946
  0C:0846    A$cli$1947
  0C:0847    A$cli$1948
  0C:0849    A$cli$1951
  0C:084A    A$cli$1952
  0C:084C    A$cli$1953
  0C:084E    A$cli$1955
  0C:0850    A$cli$1956
  0C:0853    A$cli$1961
  0C:0853    C$cli.c$111$2$2
  0C:0856    A$cli$1962
  0C:0859    A$cli$1963
  0C:085C    A$cli$1964
  0C:085F    A$cli$1968
  0C:085F    C$cli.c$112$2$2
  0C:0861    A$cli$1969
  0C:0863    A$cli$1970
  0C:0865    A$cli$1971
  0C:0867    A$cli$1973
  0C:086A    A$cli$1974
  0C:086C    A$cli$1975
  0C:086D    A$cli$1976
  0C:086E    A$cli$1977
  0C:086F    A$cli$1978
  0C:0870    A$cli$1980
  0C:0872    A$cli$1981
  0C:0874    A$cli$1982
  0C:0876    A$cli$1983
  0C:0877    A$cli$1984
  0C:087A    A$cli$1988
  0C:087A    C$cli.c$113$2$2
  0C:087D    A$cli$1989
  0C:0880    A$cli$1990
  0C:0883    A$cli$1991
  0C:0886    A$cli$1995
  0C:0886    C$cli.c$114$2$2
  0C:0889    A$cli$1996
  0C:088A    A$cli$1997
  0C:088B    A$cli$1998
  0C:088C    A$cli$1999
  0C:088D    A$cli$2000
  0C:088E    A$cli$2001
  0C:088F    A$cli$2002
  0C:0890    A$cli$2003
  0C:0891    A$cli$2004
  0C:0892    A$cli$2005
  0C:0893    A$cli$2006
  0C:0894    A$cli$2008
  0C:0897    A$cli$2009
  0C:0898    A$cli$2010
  0C:0899    A$cli$2011
  0C:089A    A$cli$2012
  0C:089B    A$cli$2014
  0C:089D    A$cli$2015
  0C:089F    A$cli$2016
  0C:08A1    A$cli$2017
  0C:08A2    A$cli$2018
  0C:08A4    A$cli$2019
  0C:08A6    A$cli$2020
  0C:08A8    A$cli$2021
  0C:08AA    A$cli$2022
  0C:08AD    A$cli$2023
  0C:08AF    A$cli$2024
  0C:08B1    A$cli$2025
  0C:08B3    A$cli$2026
  0C:08B5    A$cli$2030
  0C:08B5    C$cli.c$115$2$2
  0C:08B8    A$cli$2031
  0C:08BB    A$cli$2032
  0C:08BE    A$cli$2033
  0C:08C0    A$cli$2034
  0C:08C2    A$cli$2035
  0C:08C4    A$cli$2036
  0C:08C6    A$cli$2037
  0C:08C9    A$cli$2038
  0C:08CB    A$cli$2039
  0C:08CD    A$cli$2040
  0C:08CF    A$cli$2041
  0C:08D1    A$cli$2045
  0C:08D1    C$cli.c$116$2$2
  0C:08D3    A$cli$2046
  0C:08D5    A$cli$2048
  0C:08D7    A$cli$2049
  0C:08D9    A$cli$2050
  0C:08DB    A$cli$2051
  0C:08DD    A$cli$2052
  0C:08DF    A$cli$2053
  0C:08E1    A$cli$2054
  0C:08E4    A$cli$2055
  0C:08E6    A$cli$2056
  0C:08E8    A$cli$2057
  0C:08EA    A$cli$2058
  0C:08EC    A$cli$2059
  0C:08EE    A$cli$2060
  0C:08F0    A$cli$2062
  0C:08F2    A$cli$2063
  0C:08F4    A$cli$2067
  0C:08F4    C$cli.c$117$2$2
  0C:08F7    A$cli$2068
  0C:08F8    A$cli$2069
  0C:08F9    A$cli$2070
  0C:08FA    A$cli$2071
  0C:08FB    A$cli$2073
  0C:08FD    A$cli$2074
  0C:08FF    A$cli$2075
  0C:0901    A$cli$2076
  0C:0902    A$cli$2077
  0C:0904    A$cli$2078
  0C:0906    A$cli$2079
  0C:0908    A$cli$2080
  0C:090A    A$cli$2081
  0C:090D    A$cli$2082
  0C:090F    A$cli$2083
  0C:0911    A$cli$2084
  0C:0913    A$cli$2085
  0C:0915    A$cli$2089
  0C:0915    C$cli.c$118$2$2
  0C:0918    A$cli$2090
  0C:0919    A$cli$2091
  0C:091A    A$cli$2092
  0C:091B    A$cli$2093
  0C:091C    A$cli$2094
  0C:091D    A$cli$2095
  0C:091E    A$cli$2096
  0C:091F    A$cli$2097
  0C:0920    A$cli$2098
  0C:0921    A$cli$2099
  0C:0922    A$cli$2100
  0C:0923    A$cli$2104
  0C:0923    C$cli.c$110$1$1
  0C:0926    A$cli$2106
  0C:0928    A$cli$2107
  0C:0929    A$cli$2108
  0C:092A    A$cli$2109
  0C:092D    A$cli$2113
  0C:092D    C$cli.c$120$1$1
  0C:092D    XG$display_brt_regs$0$0
  0C:092E    A$cli$2134
  0C:092E    C$cli.c$129$1$1
  0C:092E    G$display_brt_data$0$0
  0C:092E    _display_brt_data
  0C:0930    A$cli$2135
  0C:0932    A$cli$2136
  0C:0934    A$cli$2137
  0C:0935    A$cli$2138
  0C:0938    A$cli$2139
  0C:0939    A$cli$2140
  0C:093A    A$cli$2141
  0C:093B    A$cli$2142
  0C:093C    A$cli$2143
  0C:093D    A$cli$2144
  0C:093E    A$cli$2145
  0C:093F    A$cli$2146
  0C:0940    A$cli$2147
  0C:0941    A$cli$2148
  0C:0942    A$cli$2149
  0C:0943    A$cli$2153
  0C:0943    C$cli.c$136$1$1
  0C:0946    A$cli$2154
  0C:0947    A$cli$2155
  0C:0948    A$cli$2156
  0C:0949    A$cli$2157
  0C:094A    A$cli$2158
  0C:094B    A$cli$2159
  0C:094C    A$cli$2160
  0C:094D    A$cli$2161
  0C:094E    A$cli$2162
  0C:094F    A$cli$2163
  0C:0950    A$cli$2164
  0C:0951    A$cli$2168
  0C:0953    A$cli$2169
  0C:0955    A$cli$2170
  0C:0956    A$cli$2171
  0C:0958    A$cli$2172
  0C:095A    A$cli$2173
  0C:095B    A$cli$2174
  0C:095D    A$cli$2175
  0C:095F    A$cli$2176
  0C:0960    A$cli$2181
  0C:0960    C$cli.c$138$1$1
  0C:0963    A$cli$2182
  0C:0964    A$cli$2183
  0C:0965    A$cli$2186
  0C:0966    A$cli$2187
  0C:0969    A$cli$2188
  0C:096A    A$cli$2190
  0C:096C    A$cli$2191
  0C:096D    A$cli$2192
  0C:096F    A$cli$2193
  0C:0971    A$cli$2194
  0C:0972    A$cli$2196
  0C:0975    A$cli$2197
  0C:0976    A$cli$2198
  0C:0977    A$cli$2199
  0C:0978    A$cli$2200
  0C:0979    A$cli$2201
  0C:097A    A$cli$2205
  0C:097A    C$cli.c$139$1$1
  0C:097D    A$cli$2208
  0C:097E    A$cli$2209
  0C:097F    A$cli$2210
  0C:0981    A$cli$2211
  0C:0983    A$cli$2212
  0C:0984    A$cli$2213
  0C:0985    A$cli$2217
  0C:0985    C$cli.c$141$1$1
  0C:0988    A$cli$2218
  0C:098B    A$cli$2219
  0C:098E    A$cli$2220
  0C:0990    A$cli$2221
  0C:0993    A$cli$2222
  0C:0995    A$cli$2226
  0C:0995    C$cli.c$142$1$1
  0C:0997    A$cli$2227
  0C:0999    A$cli$2228
  0C:099B    A$cli$2230
  0C:099E    A$cli$2231
  0C:09A0    A$cli$2232
  0C:09A1    A$cli$2233
  0C:09A2    A$cli$2234
  0C:09A3    A$cli$2235
  0C:09A4    A$cli$2237
  0C:09A6    A$cli$2238
  0C:09A8    A$cli$2239
  0C:09AA    A$cli$2240
  0C:09AB    A$cli$2241
  0C:09AD    A$cli$2242
  0C:09AF    A$cli$2243
  0C:09B1    A$cli$2244
  0C:09B3    A$cli$2245
  0C:09B6    A$cli$2246
  0C:09B8    A$cli$2247
  0C:09BA    A$cli$2248
  0C:09BC    A$cli$2249
  0C:09BE    A$cli$2253
  0C:09BE    C$cli.c$143$1$1
  0C:09C1    A$cli$2254
  0C:09C4    A$cli$2255
  0C:09C7    A$cli$2256
  0C:09C9    A$cli$2257
  0C:09CB    A$cli$2258
  0C:09CD    A$cli$2259
  0C:09CF    A$cli$2260
  0C:09D2    A$cli$2261
  0C:09D4    A$cli$2262
  0C:09D6    A$cli$2263
  0C:09D8    A$cli$2264
  0C:09DA    A$cli$2268
  0C:09DD    A$cli$2269
  0C:09DF    A$cli$2270
  0C:09E0    A$cli$2273
  0C:09E3    A$cli$2274
  0C:09E4    A$cli$2275
  0C:09E5    A$cli$2278
  0C:09E6    A$cli$2279
  0C:09E8    A$cli$2280
  0C:09E9    A$cli$2282
  0C:09EB    A$cli$2283
  0C:09EE    A$cli$2288
  0C:09EE    C$cli.c$146$2$2
  0C:09F1    A$cli$2289
  0C:09F4    A$cli$2290
  0C:09F7    A$cli$2291
  0C:09F9    A$cli$2292
  0C:09FB    A$cli$2293
  0C:09FD    A$cli$2294
  0C:09FF    A$cli$2295
  0C:0A01    A$cli$2296
  0C:0A04    A$cli$2297
  0C:0A06    A$cli$2298
  0C:0A08    A$cli$2299
  0C:0A0A    A$cli$2300
  0C:0A0C    A$cli$2301
  0C:0A0E    A$cli$2305
  0C:0A0E    C$cli.c$147$2$2
  0C:0A10    A$cli$2306
  0C:0A12    A$cli$2307
  0C:0A14    A$cli$2309
  0C:0A17    A$cli$2310
  0C:0A19    A$cli$2311
  0C:0A1A    A$cli$2312
  0C:0A1B    A$cli$2313
  0C:0A1C    A$cli$2314
  0C:0A1D    A$cli$2316
  0C:0A1F    A$cli$2317
  0C:0A21    A$cli$2318
  0C:0A23    A$cli$2319
  0C:0A24    A$cli$2320
  0C:0A26    A$cli$2321
  0C:0A28    A$cli$2322
  0C:0A2A    A$cli$2323
  0C:0A2C    A$cli$2324
  0C:0A2F    A$cli$2325
  0C:0A31    A$cli$2326
  0C:0A33    A$cli$2327
  0C:0A35    A$cli$2328
  0C:0A37    A$cli$2332
  0C:0A37    C$cli.c$148$2$2
  0C:0A3A    A$cli$2333
  0C:0A3D    A$cli$2334
  0C:0A40    A$cli$2335
  0C:0A42    A$cli$2336
  0C:0A44    A$cli$2337
  0C:0A46    A$cli$2338
  0C:0A48    A$cli$2339
  0C:0A4B    A$cli$2340
  0C:0A4D    A$cli$2341
  0C:0A4F    A$cli$2342
  0C:0A51    A$cli$2343
  0C:0A53    A$cli$2347
  0C:0A53    C$cli.c$149$2$2
  0C:0A56    A$cli$2348
  0C:0A57    A$cli$2349
  0C:0A58    A$cli$2350
  0C:0A59    A$cli$2351
  0C:0A5A    A$cli$2352
  0C:0A5B    A$cli$2354
  0C:0A5D    A$cli$2355
  0C:0A5F    A$cli$2357
  0C:0A62    A$cli$2358
  0C:0A63    A$cli$2359
  0C:0A64    A$cli$2360
  0C:0A65    A$cli$2361
  0C:0A66    A$cli$2363
  0C:0A68    A$cli$2364
  0C:0A6A    A$cli$2365
  0C:0A6C    A$cli$2366
  0C:0A6D    A$cli$2367
  0C:0A6F    A$cli$2368
  0C:0A71    A$cli$2369
  0C:0A73    A$cli$2370
  0C:0A75    A$cli$2371
  0C:0A78    A$cli$2372
  0C:0A7A    A$cli$2373
  0C:0A7C    A$cli$2374
  0C:0A7E    A$cli$2375
  0C:0A80    A$cli$2379
  0C:0A80    C$cli.c$150$2$2
  0C:0A83    A$cli$2380
  0C:0A86    A$cli$2381
  0C:0A89    A$cli$2382
  0C:0A8B    A$cli$2383
  0C:0A8D    A$cli$2384
  0C:0A8F    A$cli$2385
  0C:0A91    A$cli$2386
  0C:0A94    A$cli$2387
  0C:0A96    A$cli$2388
  0C:0A98    A$cli$2389
  0C:0A9A    A$cli$2390
  0C:0A9C    A$cli$2394
  0C:0A9C    C$cli.c$152$2$2
  0C:0A9F    A$cli$2395
  0C:0AA1    A$cli$2396
  0C:0AA2    A$cli$2401
  0C:0AA2    C$cli.c$154$1$1
  0C:0AA4    A$cli$2402
  0C:0AA6    A$cli$2403
  0C:0AA8    A$cli$2404
  0C:0AAA    A$cli$2406
  0C:0AAD    A$cli$2407
  0C:0AAE    A$cli$2408
  0C:0AAF    A$cli$2409
  0C:0AB0    A$cli$2410
  0C:0AB1    A$cli$2411
  0C:0AB2    A$cli$2413
  0C:0AB4    A$cli$2414
  0C:0AB6    A$cli$2415
  0C:0AB8    A$cli$2416
  0C:0ABA    A$cli$2417
  0C:0ABC    A$cli$2418
  0C:0ABE    A$cli$2419
  0C:0AC0    A$cli$2420
  0C:0AC2    A$cli$2421
  0C:0AC5    A$cli$2422
  0C:0AC7    A$cli$2423
  0C:0AC9    A$cli$2424
  0C:0ACB    A$cli$2425
  0C:0ACD    A$cli$2426
  0C:0ACF    A$cli$2427
  0C:0AD1    A$cli$2428
  0C:0AD3    A$cli$2429
  0C:0AD5    A$cli$2433
  0C:0AD5    C$cli.c$155$3$3
  0C:0AD7    A$cli$2434
  0C:0AD9    A$cli$2436
  0C:0ADC    A$cli$2437
  0C:0ADD    A$cli$2438
  0C:0ADE    A$cli$2439
  0C:0ADF    A$cli$2440
  0C:0AE0    A$cli$2442
  0C:0AE2    A$cli$2443
  0C:0AE4    A$cli$2444
  0C:0AE6    A$cli$2445
  0C:0AE7    A$cli$2446
  0C:0AE9    A$cli$2447
  0C:0AEB    A$cli$2448
  0C:0AED    A$cli$2449
  0C:0AEF    A$cli$2450
  0C:0AF1    A$cli$2451
  0C:0AF3    A$cli$2452
  0C:0AF6    A$cli$2453
  0C:0AF8    A$cli$2454
  0C:0AFA    A$cli$2455
  0C:0AFC    A$cli$2456
  0C:0AFE    A$cli$2457
  0C:0B00    A$cli$2458
  0C:0B02    A$cli$2462
  0C:0B02    C$cli.c$156$3$3
  0C:0B05    A$cli$2463
  0C:0B08    A$cli$2464
  0C:0B0B    A$cli$2465
  0C:0B0D    A$cli$2466
  0C:0B0F    A$cli$2467
  0C:0B11    A$cli$2468
  0C:0B13    A$cli$2469
  0C:0B15    A$cli$2470
  0C:0B17    A$cli$2471
  0C:0B1A    A$cli$2472
  0C:0B1C    A$cli$2473
  0C:0B1E    A$cli$2474
  0C:0B20    A$cli$2475
  0C:0B22    A$cli$2476
  0C:0B24    A$cli$2477
  0C:0B26    A$cli$2481
  0C:0B26    C$cli.c$157$3$3
  0C:0B29    A$cli$2483
  0C:0B2B    A$cli$2484
  0C:0B2D    A$cli$2485
  0C:0B2E    A$cli$2486
  0C:0B30    A$cli$2487
  0C:0B32    A$cli$2488
  0C:0B33    A$cli$2489
  0C:0B34    A$cli$2491
  0C:0B37    A$cli$2492
  0C:0B38    A$cli$2493
  0C:0B39    A$cli$2496
  0C:0B3A    A$cli$2497
  0C:0B3B    A$cli$2499
  0C:0B3E    A$cli$2500
  0C:0B3F    A$cli$2504
  0C:0B3F    C$cli.c$152$3$3
  0C:0B42    A$cli$2505
  0C:0B43    A$cli$2506
  0C:0B44    A$cli$2508
  0C:0B45    A$cli$2510
  0C:0B47    A$cli$2511
  0C:0B49    A$cli$2512
  0C:0B4B    A$cli$2513
  0C:0B4D    A$cli$2515
  0C:0B4F    A$cli$2516
  0C:0B52    A$cli$2521
  0C:0B52    C$cli.c$145$1$1
  0C:0B55    A$cli$2522
  0C:0B56    A$cli$2523
  0C:0B57    A$cli$2525
  0C:0B5A    A$cli$2527
  0C:0B5B    A$cli$2528
  0C:0B5C    A$cli$2529
  0C:0B5D    A$cli$2530
  0C:0B60    A$cli$2535
  0C:0B60    C$cli.c$163$1$1
  0C:0B63    A$cli$2536
  0C:0B66    A$cli$2537
  0C:0B69    A$cli$2538
  0C:0B6B    A$cli$2539
  0C:0B6D    A$cli$2540
  0C:0B6F    A$cli$2541
  0C:0B71    A$cli$2542
  0C:0B74    A$cli$2543
  0C:0B76    A$cli$2544
  0C:0B78    A$cli$2545
  0C:0B7A    A$cli$2546
  0C:0B7C    A$cli$2550
  0C:0B7C    C$cli.c$164$1$1
  0C:0B7F    A$cli$2551
  0C:0B81    A$cli$2552
  0C:0B82    A$cli$2553
  0C:0B83    A$cli$2554
  0C:0B84    A$cli$2555
  0C:0B85    A$cli$2557
  0C:0B87    A$cli$2558
  0C:0B89    A$cli$2559
  0C:0B8B    A$cli$2560
  0C:0B8C    A$cli$2561
  0C:0B8F    A$cli$2565
  0C:0B8F    C$cli.c$165$1$1
  0C:0B92    A$cli$2566
  0C:0B95    A$cli$2567
  0C:0B98    A$cli$2568
  0C:0B9B    A$cli$2572
  0C:0B9E    A$cli$2573
  0C:0BA0    A$cli$2574
  0C:0BA1    A$cli$2577
  0C:0BA4    A$cli$2578
  0C:0BA5    A$cli$2579
  0C:0BA6    A$cli$2582
  0C:0BA7    A$cli$2583
  0C:0BA9    A$cli$2584
  0C:0BAA    A$cli$2586
  0C:0BAC    A$cli$2587
  0C:0BAF    A$cli$2592
  0C:0BAF    C$cli.c$168$2$4
  0C:0BB2    A$cli$2593
  0C:0BB5    A$cli$2594
  0C:0BB8    A$cli$2595
  0C:0BBA    A$cli$2596
  0C:0BBD    A$cli$2597
  0C:0BBF    A$cli$2601
  0C:0BBF    C$cli.c$169$2$4
  0C:0BC1    A$cli$2602
  0C:0BC3    A$cli$2603
  0C:0BC5    A$cli$2605
  0C:0BC8    A$cli$2606
  0C:0BCA    A$cli$2607
  0C:0BCB    A$cli$2608
  0C:0BCC    A$cli$2609
  0C:0BCD    A$cli$2610
  0C:0BCE    A$cli$2612
  0C:0BD0    A$cli$2613
  0C:0BD2    A$cli$2614
  0C:0BD4    A$cli$2615
  0C:0BD5    A$cli$2616
  0C:0BD8    A$cli$2620
  0C:0BD8    C$cli.c$170$2$4
  0C:0BDB    A$cli$2621
  0C:0BDE    A$cli$2622
  0C:0BE1    A$cli$2623
  0C:0BE4    A$cli$2627
  0C:0BE4    C$cli.c$171$2$4
  0C:0BE7    A$cli$2628
  0C:0BE8    A$cli$2629
  0C:0BE9    A$cli$2630
  0C:0BEA    A$cli$2631
  0C:0BEB    A$cli$2632
  0C:0BEC    A$cli$2634
  0C:0BEE    A$cli$2635
  0C:0BF0    A$cli$2637
  0C:0BF3    A$cli$2638
  0C:0BF4    A$cli$2639
  0C:0BF5    A$cli$2640
  0C:0BF6    A$cli$2641
  0C:0BF7    A$cli$2643
  0C:0BF9    A$cli$2644
  0C:0BFB    A$cli$2645
  0C:0BFD    A$cli$2646
  0C:0BFE    A$cli$2647
  0C:0C01    A$cli$2651
  0C:0C01    C$cli.c$172$2$4
  0C:0C04    A$cli$2652
  0C:0C07    A$cli$2653
  0C:0C0A    A$cli$2654
  0C:0C0D    A$cli$2658
  0C:0C0D    C$cli.c$174$2$4
  0C:0C10    A$cli$2659
  0C:0C12    A$cli$2660
  0C:0C13    A$cli$2665
  0C:0C13    C$cli.c$176$3$5
  0C:0C16    A$cli$2666
  0C:0C17    A$cli$2667
  0C:0C18    A$cli$2668
  0C:0C19    A$cli$2669
  0C:0C1A    A$cli$2670
  0C:0C1B    A$cli$2672
  0C:0C1D    A$cli$2673
  0C:0C1F    A$cli$2674
  0C:0C21    A$cli$2675
  0C:0C23    A$cli$2676
  0C:0C26    A$cli$2677
  0C:0C28    A$cli$2678
  0C:0C2A    A$cli$2679
  0C:0C2C    A$cli$2680
  0C:0C2E    A$cli$2684
  0C:0C2E    C$cli.c$177$3$5
  0C:0C30    A$cli$2685
  0C:0C32    A$cli$2687
  0C:0C35    A$cli$2688
  0C:0C36    A$cli$2689
  0C:0C37    A$cli$2690
  0C:0C38    A$cli$2691
  0C:0C39    A$cli$2693
  0C:0C3B    A$cli$2694
  0C:0C3D    A$cli$2695
  0C:0C3F    A$cli$2696
  0C:0C40    A$cli$2697
  0C:0C42    A$cli$2698
  0C:0C44    A$cli$2699
  0C:0C47    A$cli$2700
  0C:0C49    A$cli$2701
  0C:0C4B    A$cli$2705
  0C:0C4B    C$cli.c$178$3$5
  0C:0C4E    A$cli$2706
  0C:0C51    A$cli$2707
  0C:0C54    A$cli$2708
  0C:0C56    A$cli$2709
  0C:0C58    A$cli$2710
  0C:0C5B    A$cli$2711
  0C:0C5D    A$cli$2712
  0C:0C5F    A$cli$2716
  0C:0C5F    C$cli.c$179$3$5
  0C:0C62    A$cli$2718
  0C:0C64    A$cli$2719
  0C:0C66    A$cli$2720
  0C:0C67    A$cli$2721
  0C:0C69    A$cli$2722
  0C:0C6B    A$cli$2723
  0C:0C6C    A$cli$2724
  0C:0C6D    A$cli$2726
  0C:0C70    A$cli$2727
  0C:0C71    A$cli$2728
  0C:0C72    A$cli$2731
  0C:0C73    A$cli$2732
  0C:0C74    A$cli$2734
  0C:0C77    A$cli$2735
  0C:0C78    A$cli$2739
  0C:0C78    C$cli.c$174$3$5
  0C:0C7B    A$cli$2740
  0C:0C7C    A$cli$2741
  0C:0C7D    A$cli$2743
  0C:0C7E    A$cli$2745
  0C:0C80    A$cli$2746
  0C:0C83    A$cli$2751
  0C:0C83    C$cli.c$167$1$1
  0C:0C86    A$cli$2752
  0C:0C87    A$cli$2753
  0C:0C88    A$cli$2755
  0C:0C8B    A$cli$2757
  0C:0C8C    A$cli$2758
  0C:0C8D    A$cli$2759
  0C:0C8E    A$cli$2760
  0C:0C91    A$cli$2764
  0C:0C91    C$cli.c$184$1$1
  0C:0C91    XG$display_brt_data$0$0
  0C:0C92    A$cli$2778
  0C:0C92    C$cli.c$192$1$1
  0C:0C92    G$process_uart_data$0$0
  0C:0C92    _process_uart_data
  0C:0C94    A$cli$2779
  0C:0C97    A$cli$2780
  0C:0C98    A$cli$2784
  0C:0C98    C$cli.c$194$1$1
  0C:0C9B    A$cli$2785
  0C:0C9C    A$cli$2786
  0C:0C9D    A$cli$2789
  0C:0CA0    A$cli$2790
  0C:0CA3    A$cli$2794
  0C:0CA6    A$cli$2795
  0C:0CA9    A$cli$2799
  0C:0CAC    A$cli$2800
  0C:0CAF    A$cli$2804
  0C:0CB2    A$cli$2805
  0C:0CB5    A$cli$2809
  0C:0CB8    A$cli$2810
  0C:0CBB    A$cli$2814
  0C:0CBE    A$cli$2815
  0C:0CC0    A$cli$2817
  0C:0CC3    A$cli$2825
  0C:0CC3    C$cli.c$197$2$2
  0C:0CC3    C$cli.c$200$3$3
  0C:0CC6    A$cli$2828
  0C:0CC6    C$cli.c$204$3$3
  0C:0CC9    A$cli$2835
  0C:0CC9    C$cli.c$209$2$2
  0C:0CC9    C$cli.c$212$3$4
  0C:0CCC    A$cli$2838
  0C:0CCC    C$cli.c$213$3$4
  0C:0CCF    A$cli$2845
  0C:0CCF    C$cli.c$216$2$2
  0C:0CCF    C$cli.c$220$3$5
  0C:0CD2    A$cli$2852
  0C:0CD2    C$cli.c$232$1$1
  0C:0CD2    C$cli.c$235$1$1
  0C:0CD5    A$cli$2856
  0C:0CD5    C$cli.c$237$1$1
  0C:0CD5    XG$process_uart_data$0$0
  0C:0CD6    A$cli$2877
  0C:0CD6    C$cli.c$242$1$1
  0C:0CD6    C$cli.c$252$1$1
  0C:0CD6    G$display_mem_data$0$0
  0C:0CD6    _display_mem_data
  0C:0CD9    A$cli$2878
  0C:0CDB    A$cli$2879
  0C:0CDC    A$cli$2880
  0C:0CDD    A$cli$2881
  0C:0CDF    A$cli$2882
  0C:0CE0    A$cli$2886
  0C:0CE0    C$cli.c$253$1$1
  0C:0CE3    A$cli$2887
  0C:0CE5    A$cli$2888
  0C:0CE6    A$cli$2889
  0C:0CE7    A$cli$2890
  0C:0CE9    A$cli$2891
  0C:0CEA    A$cli$2895
  0C:0CEA    C$cli.c$254$1$1
  0C:0CED    A$cli$2896
  0C:0CEE    A$cli$2897
  0C:0CEF    A$cli$2898
  0C:0CF0    A$cli$2899
  0C:0CF1    A$cli$2903
  0C:0CF1    C$cli.c$256$1$1
  0C:0CF4    A$cli$2904
  0C:0CF7    A$cli$2905
  0C:0CFA    A$cli$2906
  0C:0CFD    A$cli$2910
  0C:0D00    A$cli$2911
  0C:0D02    A$cli$2912
  0C:0D03    A$cli$2915
  0C:0D06    A$cli$2916
  0C:0D07    A$cli$2917
  0C:0D08    A$cli$2920
  0C:0D09    A$cli$2921
  0C:0D0B    A$cli$2922
  0C:0D0C    A$cli$2924
  0C:0D0E    A$cli$2925
  0C:0D11    A$cli$2930
  0C:0D11    C$cli.c$261$2$2
  0C:0D14    A$cli$2931
  0C:0D17    A$cli$2932
  0C:0D1A    A$cli$2933
  0C:0D1C    A$cli$2934
  0C:0D1F    A$cli$2935
  0C:0D21    A$cli$2939
  0C:0D21    C$cli.c$262$2$2
  0C:0D23    A$cli$2940
  0C:0D25    A$cli$2941
  0C:0D27    A$cli$2943
  0C:0D2A    A$cli$2944
  0C:0D2C    A$cli$2945
  0C:0D2D    A$cli$2946
  0C:0D2E    A$cli$2947
  0C:0D2F    A$cli$2948
  0C:0D30    A$cli$2950
  0C:0D32    A$cli$2951
  0C:0D34    A$cli$2952
  0C:0D36    A$cli$2953
  0C:0D37    A$cli$2954
  0C:0D3A    A$cli$2958
  0C:0D3A    C$cli.c$263$2$2
  0C:0D3D    A$cli$2959
  0C:0D40    A$cli$2960
  0C:0D43    A$cli$2961
  0C:0D46    A$cli$2965
  0C:0D46    C$cli.c$264$2$2
  0C:0D49    A$cli$2966
  0C:0D4A    A$cli$2967
  0C:0D4B    A$cli$2968
  0C:0D4C    A$cli$2969
  0C:0D4D    A$cli$2970
  0C:0D4E    A$cli$2972
  0C:0D50    A$cli$2973
  0C:0D52    A$cli$2975
  0C:0D55    A$cli$2976
  0C:0D56    A$cli$2977
  0C:0D57    A$cli$2978
  0C:0D58    A$cli$2979
  0C:0D59    A$cli$2981
  0C:0D5B    A$cli$2982
  0C:0D5D    A$cli$2983
  0C:0D5F    A$cli$2984
  0C:0D60    A$cli$2985
  0C:0D63    A$cli$2989
  0C:0D63    C$cli.c$265$2$2
  0C:0D66    A$cli$2990
  0C:0D69    A$cli$2991
  0C:0D6C    A$cli$2992
  0C:0D6F    A$cli$2996
  0C:0D6F    C$cli.c$267$2$2
  0C:0D72    A$cli$2997
  0C:0D74    A$cli$2998
  0C:0D75    A$cli$3003
  0C:0D75    C$cli.c$269$3$3
  0C:0D78    A$cli$3004
  0C:0D79    A$cli$3005
  0C:0D7A    A$cli$3006
  0C:0D7B    A$cli$3007
  0C:0D7C    A$cli$3008
  0C:0D7D    A$cli$3010
  0C:0D80    A$cli$3011
  0C:0D81    A$cli$3012
  0C:0D82    A$cli$3013
  0C:0D83    A$cli$3014
  0C:0D84    A$cli$3015
  0C:0D85    A$cli$3017
  0C:0D88    A$cli$3018
  0C:0D89    A$cli$3019
  0C:0D8A    A$cli$3020
  0C:0D8B    A$cli$3021
  0C:0D8C    A$cli$3022
  0C:0D8D    A$cli$3024
  0C:0D8F    A$cli$3025
  0C:0D91    A$cli$3026
  0C:0D93    A$cli$3027
  0C:0D95    A$cli$3028
  0C:0D97    A$cli$3029
  0C:0D99    A$cli$3030
  0C:0D9C    A$cli$3031
  0C:0D9E    A$cli$3032
  0C:0DA0    A$cli$3033
  0C:0DA2    A$cli$3034
  0C:0DA4    A$cli$3038
  0C:0DA4    C$cli.c$270$3$3
  0C:0DA6    A$cli$3039
  0C:0DA8    A$cli$3040
  0C:0DAA    A$cli$3041
  0C:0DAC    A$cli$3043
  0C:0DAF    A$cli$3044
  0C:0DB0    A$cli$3045
  0C:0DB1    A$cli$3046
  0C:0DB2    A$cli$3047
  0C:0DB3    A$cli$3049
  0C:0DB5    A$cli$3050
  0C:0DB7    A$cli$3051
  0C:0DB9    A$cli$3052
  0C:0DBA    A$cli$3053
  0C:0DBC    A$cli$3054
  0C:0DBE    A$cli$3055
  0C:0DC0    A$cli$3056
  0C:0DC2    A$cli$3057
  0C:0DC5    A$cli$3058
  0C:0DC7    A$cli$3059
  0C:0DC9    A$cli$3060
  0C:0DCB    A$cli$3061
  0C:0DCD    A$cli$3065
  0C:0DCD    C$cli.c$271$3$3
  0C:0DD0    A$cli$3066
  0C:0DD3    A$cli$3067
  0C:0DD6    A$cli$3068
  0C:0DD8    A$cli$3069
  0C:0DDA    A$cli$3070
  0C:0DDC    A$cli$3071
  0C:0DDE    A$cli$3072
  0C:0DE1    A$cli$3073
  0C:0DE3    A$cli$3074
  0C:0DE5    A$cli$3075
  0C:0DE7    A$cli$3076
  0C:0DE9    A$cli$3080
  0C:0DE9    C$cli.c$272$3$3
  0C:0DEC    A$cli$3082
  0C:0DEE    A$cli$3083
  0C:0DF0    A$cli$3084
  0C:0DF1    A$cli$3085
  0C:0DF3    A$cli$3086
  0C:0DF5    A$cli$3087
  0C:0DF6    A$cli$3088
  0C:0DF7    A$cli$3092
  0C:0DF7    C$cli.c$273$3$3
  0C:0DFA    A$cli$3094
  0C:0DFC    A$cli$3095
  0C:0DFE    A$cli$3096
  0C:0DFF    A$cli$3097
  0C:0E01    A$cli$3098
  0C:0E03    A$cli$3099
  0C:0E04    A$cli$3100
  0C:0E05    A$cli$3102
  0C:0E08    A$cli$3103
  0C:0E09    A$cli$3104
  0C:0E0A    A$cli$3107
  0C:0E0B    A$cli$3108
  0C:0E0C    A$cli$3110
  0C:0E0F    A$cli$3111
  0C:0E10    A$cli$3115
  0C:0E10    C$cli.c$267$3$3
  0C:0E13    A$cli$3116
  0C:0E14    A$cli$3117
  0C:0E15    A$cli$3119
  0C:0E16    A$cli$3121
  0C:0E18    A$cli$3122
  0C:0E1B    A$cli$3127
  0C:0E1B    C$cli.c$260$1$1
  0C:0E1E    A$cli$3128
  0C:0E1F    A$cli$3129
  0C:0E20    A$cli$3131
  0C:0E23    A$cli$3133
  0C:0E24    A$cli$3134
  0C:0E25    A$cli$3135
  0C:0E26    A$cli$3136
  0C:0E29    A$cli$3141
  0C:0E29    C$cli.c$279$1$1
  0C:0E2C    A$cli$3142
  0C:0E2F    A$cli$3143
  0C:0E32    A$cli$3144
  0C:0E35    A$cli$3148
  0C:0E38    A$cli$3149
  0C:0E3A    A$cli$3150
  0C:0E3B    A$cli$3153
  0C:0E3E    A$cli$3154
  0C:0E3F    A$cli$3155
  0C:0E40    A$cli$3158
  0C:0E41    A$cli$3159
  0C:0E43    A$cli$3160
  0C:0E44    A$cli$3162
  0C:0E46    A$cli$3163
  0C:0E49    A$cli$3168
  0C:0E49    C$cli.c$284$2$4
  0C:0E4C    A$cli$3169
  0C:0E4F    A$cli$3170
  0C:0E52    A$cli$3171
  0C:0E54    A$cli$3172
  0C:0E57    A$cli$3173
  0C:0E59    A$cli$3177
  0C:0E59    C$cli.c$285$2$4
  0C:0E5B    A$cli$3178
  0C:0E5D    A$cli$3179
  0C:0E5F    A$cli$3181
  0C:0E62    A$cli$3182
  0C:0E64    A$cli$3183
  0C:0E65    A$cli$3184
  0C:0E66    A$cli$3185
  0C:0E67    A$cli$3186
  0C:0E68    A$cli$3188
  0C:0E6A    A$cli$3189
  0C:0E6C    A$cli$3190
  0C:0E6E    A$cli$3191
  0C:0E6F    A$cli$3192
  0C:0E72    A$cli$3196
  0C:0E72    C$cli.c$286$2$4
  0C:0E75    A$cli$3197
  0C:0E78    A$cli$3198
  0C:0E7B    A$cli$3199
  0C:0E7E    A$cli$3203
  0C:0E7E    C$cli.c$287$2$4
  0C:0E81    A$cli$3204
  0C:0E82    A$cli$3205
  0C:0E83    A$cli$3206
  0C:0E84    A$cli$3207
  0C:0E85    A$cli$3208
  0C:0E86    A$cli$3210
  0C:0E88    A$cli$3211
  0C:0E8A    A$cli$3213
  0C:0E8D    A$cli$3214
  0C:0E8E    A$cli$3215
  0C:0E8F    A$cli$3216
  0C:0E90    A$cli$3217
  0C:0E91    A$cli$3219
  0C:0E93    A$cli$3220
  0C:0E95    A$cli$3221
  0C:0E97    A$cli$3222
  0C:0E98    A$cli$3223
  0C:0E9B    A$cli$3227
  0C:0E9B    C$cli.c$288$2$4
  0C:0E9E    A$cli$3228
  0C:0EA1    A$cli$3229
  0C:0EA4    A$cli$3230
  0C:0EA7    A$cli$3234
  0C:0EA7    C$cli.c$290$2$4
  0C:0EAA    A$cli$3235
  0C:0EAC    A$cli$3236
  0C:0EAD    A$cli$3241
  0C:0EAD    C$cli.c$292$3$5
  0C:0EB0    A$cli$3242
  0C:0EB1    A$cli$3243
  0C:0EB2    A$cli$3244
  0C:0EB3    A$cli$3245
  0C:0EB4    A$cli$3246
  0C:0EB5    A$cli$3248
  0C:0EB7    A$cli$3249
  0C:0EB9    A$cli$3250
  0C:0EBB    A$cli$3251
  0C:0EBD    A$cli$3252
  0C:0EC0    A$cli$3253
  0C:0EC2    A$cli$3254
  0C:0EC4    A$cli$3255
  0C:0EC6    A$cli$3256
  0C:0EC8    A$cli$3260
  0C:0EC8    C$cli.c$293$3$5
  0C:0ECA    A$cli$3261
  0C:0ECC    A$cli$3263
  0C:0ECF    A$cli$3264
  0C:0ED0    A$cli$3265
  0C:0ED1    A$cli$3266
  0C:0ED2    A$cli$3267
  0C:0ED3    A$cli$3269
  0C:0ED5    A$cli$3270
  0C:0ED7    A$cli$3271
  0C:0ED9    A$cli$3272
  0C:0EDA    A$cli$3273
  0C:0EDC    A$cli$3274
  0C:0EDE    A$cli$3275
  0C:0EE1    A$cli$3276
  0C:0EE3    A$cli$3277
  0C:0EE5    A$cli$3281
  0C:0EE5    C$cli.c$294$3$5
  0C:0EE8    A$cli$3282
  0C:0EEB    A$cli$3283
  0C:0EEE    A$cli$3284
  0C:0EF0    A$cli$3285
  0C:0EF2    A$cli$3286
  0C:0EF5    A$cli$3287
  0C:0EF7    A$cli$3288
  0C:0EF9    A$cli$3292
  0C:0EF9    C$cli.c$295$3$5
  0C:0EFC    A$cli$3294
  0C:0EFE    A$cli$3295
  0C:0F00    A$cli$3296
  0C:0F01    A$cli$3297
  0C:0F03    A$cli$3298
  0C:0F05    A$cli$3299
  0C:0F06    A$cli$3300
  0C:0F07    A$cli$3302
  0C:0F0A    A$cli$3303
  0C:0F0B    A$cli$3304
  0C:0F0C    A$cli$3307
  0C:0F0D    A$cli$3308
  0C:0F0E    A$cli$3310
  0C:0F11    A$cli$3311
  0C:0F12    A$cli$3315
  0C:0F12    C$cli.c$290$3$5
  0C:0F15    A$cli$3316
  0C:0F16    A$cli$3317
  0C:0F17    A$cli$3319
  0C:0F18    A$cli$3321
  0C:0F1A    A$cli$3322
  0C:0F1D    A$cli$3327
  0C:0F1D    C$cli.c$283$1$1
  0C:0F20    A$cli$3328
  0C:0F21    A$cli$3329
  0C:0F22    A$cli$3331
  0C:0F25    A$cli$3333
  0C:0F26    A$cli$3334
  0C:0F27    A$cli$3335
  0C:0F28    A$cli$3336
  0C:0F2B    A$cli$3340
  0C:0F2B    C$cli.c$300$1$1
  0C:0F2B    XG$display_mem_data$0$0
  0C:0F2C    A$cli$3359
  0C:0F2C    C$cli.c$304$1$1
  0C:0F2C    C$cli.c$307$1$1
  0C:0F2C    C$cli.c$308$2$2
  0C:0F2C    G$display_brt_sa$0$0
  0C:0F2C    _display_brt_sa
  0C:0F2F    A$cli$3360
  0C:0F32    A$cli$3361
  0C:0F35    A$cli$3362
  0C:0F38    A$cli$3366
  0C:0F38    C$cli.c$309$2$2
  0C:0F3B    A$cli$3367
  0C:0F3D    A$cli$3368
  0C:0F3E    A$cli$3369
  0C:0F3F    A$cli$3370
  0C:0F41    A$cli$3371
  0C:0F42    A$cli$3372
  0C:0F43    A$cli$3373
  0C:0F45    A$cli$3374
  0C:0F46    A$cli$3378
  0C:0F46    C$cli.c$310$2$2
  0C:0F49    A$cli$3379
  0C:0F4C    A$cli$3380
  0C:0F4F    A$cli$3381
  0C:0F52    A$cli$3385
  0C:0F52    C$cli.c$311$2$2
  0C:0F55    A$cli$3386
  0C:0F57    A$cli$3387
  0C:0F58    A$cli$3388
  0C:0F59    A$cli$3389
  0C:0F5B    A$cli$3390
  0C:0F5C    A$cli$3391
  0C:0F5D    A$cli$3392
  0C:0F5F    A$cli$3393
  0C:0F60    A$cli$3395
  0C:0F63    A$cli$3396
  0C:0F66    A$cli$3397
  0C:0F69    A$cli$3398
  0C:0F6C    A$cli$3402
  0C:0F6C    C$cli.c$312$2$2
  0C:0F6F    A$cli$3403
  0C:0F72    A$cli$3404
  0C:0F75    A$cli$3405
  0C:0F78    A$cli$3409
  0C:0F78    C$cli.c$313$2$2
  0C:0F7B    A$cli$3410
  0C:0F7C    A$cli$3411
  0C:0F7D    A$cli$3413
  0C:0F7F    A$cli$3414
  0C:0F81    A$cli$3415
  0C:0F83    A$cli$3417
  0C:0F86    A$cli$3418
  0C:0F87    A$cli$3419
  0C:0F88    A$cli$3420
  0C:0F89    A$cli$3421
  0C:0F8A    A$cli$3423
  0C:0F8C    A$cli$3424
  0C:0F8E    A$cli$3425
  0C:0F90    A$cli$3426
  0C:0F91    A$cli$3427
  0C:0F94    A$cli$3431
  0C:0F94    C$cli.c$315$2$2
  0C:0F97    A$cli$3432
  0C:0F98    A$cli$3433
  0C:0F99    A$cli$3435
  0C:0F9A    A$cli$3437
  0C:0F9C    A$cli$3438
  0C:0F9F    A$cli$3442
  0C:0FA2    A$cli$3445
  0C:0FA4    A$cli$3446
  0C:0FA7    A$cli$3451
  0C:0FA7    C$cli.c$318$3$3
  0C:0FAA    A$cli$3452
  0C:0FAB    A$cli$3453
  0C:0FAC    A$cli$3455
  0C:0FAF    A$cli$3456
  0C:0FB2    A$cli$3457
  0C:0FB5    A$cli$3458
  0C:0FB7    A$cli$3459
  0C:0FBA    A$cli$3462
  0C:0FBA    C$cli.c$320$3$3
  0C:0FBD    A$cli$3467
  0C:0FBD    C$cli.c$325$3$4
  0C:0FC0    A$cli$3468
  0C:0FC3    A$cli$3469
  0C:0FC6    A$cli$3470
  0C:0FC9    A$cli$3471
  0C:0FCC    A$cli$3475
  0C:0FCC    C$cli.c$332$1$1
  0C:0FCC    XG$display_brt_sa$0$0
  0C:0FCD    A$main$179
  0C:0FCD    C$main.c$55$0$0
  0C:0FCD    C$main.c$57$1$0
  0C:0FCD    G$main$0$0
  0C:0FCD    _main
  0C:0FD0    A$main$180
  0C:0FD2    A$main$181
  0C:0FD3    A$main$184
  0C:0FD6    A$main$185
  0C:0FD8    A$main$186
  0C:0FD9    A$main$189
  0C:0FDC    A$main$190
  0C:0FDE    A$main$191
  0C:0FDF    A$main$194
  0C:0FE2    A$main$195
  0C:0FE4    A$main$196
  0C:0FE5    A$main$199
  0C:0FE8    A$main$200
  0C:0FEA    A$main$201
  0C:0FEB    A$main$204
  0C:0FEE    A$main$205
  0C:0FF0    A$main$206
  0C:0FF1    A$main$209
  0C:0FF4    A$main$210
  0C:0FF6    A$main$211
  0C:0FF7    A$main$214
  0C:0FFA    A$main$215
  0C:0FFC    A$main$216
  0C:0FFD    A$main$219
  0C:1000    A$main$220
  0C:1002    A$main$221
  0C:1003    A$main$224
  0C:1006    A$main$225
  0C:1008    A$main$226
  0C:1009    A$main$229
  0C:100C    A$main$230
  0C:100E    A$main$231
  0C:100F    A$main$234
  0C:1012    A$main$235
  0C:1014    A$main$236
  0C:1015    A$main$239
  0C:1018    A$main$240
  0C:101A    A$main$241
  0C:101B    A$main$244
  0C:101E    A$main$245
  0C:1020    A$main$246
  0C:1021    A$main$249
  0C:1024    A$main$250
  0C:1026    A$main$251
  0C:1027    A$main$254
  0C:102A    A$main$255
  0C:102C    A$main$256
  0C:102D    A$main$259
  0C:1030    A$main$260
  0C:1032    A$main$261
  0C:1033    A$main$264
  0C:1036    A$main$265
  0C:1038    A$main$266
  0C:1039    A$main$269
  0C:103C    A$main$270
  0C:103E    A$main$271
  0C:103F    A$main$274
  0C:1042    A$main$275
  0C:1044    A$main$276
  0C:1045    A$main$279
  0C:1048    A$main$280
  0C:104A    A$main$281
  0C:104B    A$main$284
  0C:104E    A$main$285
  0C:1050    A$main$286
  0C:1051    A$main$289
  0C:1054    A$main$290
  0C:1056    A$main$291
  0C:1057    A$main$294
  0C:105A    A$main$295
  0C:105C    A$main$296
  0C:105D    A$main$299
  0C:1060    A$main$300
  0C:1062    A$main$301
  0C:1063    A$main$304
  0C:1066    A$main$305
  0C:1068    A$main$306
  0C:1069    A$main$309
  0C:106C    A$main$310
  0C:106E    A$main$311
  0C:106F    A$main$314
  0C:1072    A$main$315
  0C:1074    A$main$316
  0C:1075    A$main$319
  0C:1078    A$main$320
  0C:107A    A$main$321
  0C:107B    A$main$324
  0C:107E    A$main$325
  0C:1080    A$main$326
  0C:1081    A$main$329
  0C:1084    A$main$330
  0C:1086    A$main$331
  0C:1087    A$main$336
  0C:1087    C$main.c$58$1$0
  0C:108A    A$main$337
  0C:108C    A$main$338
  0C:108D    A$main$341
  0C:1090    A$main$342
  0C:1092    A$main$343
  0C:1093    A$main$346
  0C:1096    A$main$347
  0C:1098    A$main$348
  0C:1099    A$main$352
  0C:1099    C$main.c$65$1$1
  0C:109C    A$main$353
  0C:109E    A$main$354
  0C:109F    A$main$355
  0C:10A0    A$main$356
  0C:10A2    A$main$357
  0C:10A3    A$main$359
  0C:10A6    A$main$360
  0C:10A8    A$main$361
  0C:10A9    A$main$362
  0C:10AA    A$main$363
  0C:10AB    A$main$364
  0C:10AC    A$main$366
  0C:10AF    A$main$367
  0C:10B1    A$main$368
  0C:10B2    A$main$370
  0C:10B5    A$main$371
  0C:10B8    A$main$372
  0C:10BB    A$main$373
  0C:10BE    A$main$377
  0C:10BE    C$main.c$67$1$1
  0C:10C1    A$main$378
  0C:10C3    A$main$379
  0C:10C4    A$main$380
  0C:10C5    A$main$381
  0C:10C7    A$main$382
  0C:10C8    A$main$384
  0C:10CB    A$main$385
  0C:10CD    A$main$386
  0C:10CE    A$main$387
  0C:10CF    A$main$388
  0C:10D1    A$main$389
  0C:10D2    A$main$390
  0C:10D3    A$main$391
  0C:10D5    A$main$392
  0C:10D6    A$main$393
  0C:10D7    A$main$394
  0C:10D9    A$main$395
  0C:10DA    A$main$397
  0C:10DD    A$main$398
  0C:10DF    A$main$399
  0C:10E0    A$main$400
  0C:10E1    A$main$401
  0C:10E2    A$main$402
  0C:10E3    A$main$403
  0C:10E4    A$main$404
  0C:10E5    A$main$405
  0C:10E6    A$main$406
  0C:10E7    A$main$408
  0C:10EA    A$main$409
  0C:10ED    A$main$410
  0C:10F0    A$main$411
  0C:10F3    A$main$415
  0C:10F3    C$main.c$68$1$1
  0C:10F6    A$main$416
  0C:10F9    A$main$417
  0C:10FC    A$main$418
  0C:10FF    A$main$422
  0C:10FF    C$main.c$70$1$1
  0C:1102    A$main$423
  0C:1104    A$main$424
  0C:1105    A$main$425
  0C:1106    A$main$426
  0C:1108    A$main$427
[...]
  0C:6C20    A$core_gpio$5920
  0C:6C21    A$core_gpio$5923
  0C:6C24    A$core_gpio$5924
  0C:6C26    A$core_gpio$5925
  0C:6C27    A$core_gpio$5928
  0C:6C2A    A$core_gpio$5929
  0C:6C2C    A$core_gpio$5930
  0C:6C2D    A$core_gpio$5933
  0C:6C30    A$core_gpio$5934
  0C:6C32    A$core_gpio$5935
  0C:6C33    A$core_gpio$5938
  0C:6C36    A$core_gpio$5939
  0C:6C38    A$core_gpio$5940
  0C:6C39    A$core_gpio$5943
  0C:6C3C    A$core_gpio$5944
  0C:6C3E    A$core_gpio$5945
  0C:6C3F    A$core_gpio$5948
  0C:6C42    A$core_gpio$5949
  0C:6C44    A$core_gpio$5950
  0C:6C45    A$core_gpio$5953
  0C:6C48    A$core_gpio$5954
  0C:6C4A    A$core_gpio$5955
  0C:6C4B    A$core_gpio$5958
  0C:6C4E    A$core_gpio$5959
  0C:6C50    A$core_gpio$5960
  0C:6C51    A$core_gpio$5963
  0C:6C54    A$core_gpio$5964
  0C:6C56    A$core_gpio$5965
  0C:6C57    A$core_gpio$5968
  0C:6C5A    A$core_gpio$5969
  0C:6C5C    A$core_gpio$5970
  0C:6C5D    A$core_gpio$5973
  0C:6C60    A$core_gpio$5974
  0C:6C62    A$core_gpio$5975
  0C:6C63    A$core_gpio$5978
  0C:6C66    A$core_gpio$5979
  0C:6C68    A$core_gpio$5980
  0C:6C69    A$core_gpio$5983
  0C:6C6C    A$core_gpio$5984
  0C:6C6E    A$core_gpio$5985
  0C:6C6F    A$core_gpio$5988
  0C:6C72    A$core_gpio$5989
  0C:6C74    A$core_gpio$5990
  0C:6C75    A$core_gpio$5993
  0C:6C78    A$core_gpio$5994
  0C:6C7A    A$core_gpio$5995
  0C:6C7B    A$core_gpio$5998
  0C:6C7E    A$core_gpio$5999
  0C:6C80    A$core_gpio$6000
  0C:6C81    A$core_gpio$6003
  0C:6C84    A$core_gpio$6004
  0C:6C86    A$core_gpio$6005
  0C:6C87    A$core_gpio$6008
  0C:6C8A    A$core_gpio$6009
  0C:6C8C    A$core_gpio$6010
  0C:6C8D    A$core_gpio$6013
  0C:6C90    A$core_gpio$6014
  0C:6C92    A$core_gpio$6015
  0C:6C93    A$core_gpio$6018
  0C:6C96    A$core_gpio$6019
  0C:6C98    A$core_gpio$6020
  0C:6C99    A$core_gpio$6023
  0C:6C9C    A$core_gpio$6024
  0C:6C9E    A$core_gpio$6025
  0C:6C9F    A$core_gpio$6028
  0C:6CA2    A$core_gpio$6029
  0C:6CA4    A$core_gpio$6030
  0C:6CA5    A$core_gpio$6033
  0C:6CA8    A$core_gpio$6034
  0C:6CAA    A$core_gpio$6035
  0C:6CAB    A$core_gpio$6038
  0C:6CAE    A$core_gpio$6039
  0C:6CB0    A$core_gpio$6040
  0C:6CB1    A$core_gpio$6043
  0C:6CB4    A$core_gpio$6044
  0C:6CB6    A$core_gpio$6045
  0C:6CB7    A$core_gpio$6048
  0C:6CBA    A$core_gpio$6049
  0C:6CBC    A$core_gpio$6050
  0C:6CBD    A$core_gpio$6053
  0C:6CC0    A$core_gpio$6054
  0C:6CC2    A$core_gpio$6055
  0C:6CC3    A$core_gpio$6058
  0C:6CC6    A$core_gpio$6059
  0C:6CC8    A$core_gpio$6060
  0C:6CC9    A$core_gpio$6063
  0C:6CCC    A$core_gpio$6064
  0C:6CCE    A$core_gpio$6065
  0C:6CCF    A$core_gpio$6068
  0C:6CD2    A$core_gpio$6069
  0C:6CD4    A$core_gpio$6070
  0C:6CD5    A$core_gpio$6072
  0C:6CD8    A$core_gpio$6073
  0C:6CDA    A$core_gpio$6074
  0C:6CDB    A$core_gpio$6075
  0C:6CDC    A$core_gpio$6076
  0C:6CDE    A$core_gpio$6077
  0C:6CDF    A$core_gpio$6078
  0C:6CE0    A$core_gpio$6079
  0C:6CE2    A$core_gpio$6080
  0C:6CE3    A$core_gpio$6081
  0C:6CE4    A$core_gpio$6082
  0C:6CE6    A$core_gpio$6083
  0C:6CE7    A$core_gpio$6085
  0C:6CEA    A$core_gpio$6086
  0C:6CED    A$core_gpio$6087
  0C:6CF0    A$core_gpio$6088
  0C:6CF2    A$core_gpio$6089
  0C:6CF4    A$core_gpio$6090
  0C:6CF6    A$core_gpio$6091
  0C:6CF8    A$core_gpio$6092
  0C:6CFA    A$core_gpio$6093
  0C:6CFC    A$core_gpio$6094
  0C:6CFF    A$core_gpio$6095
  0C:6D01    A$core_gpio$6096
  0C:6D03    A$core_gpio$6097
  0C:6D05    A$core_gpio$6098
  0C:6D07    A$core_gpio$6099
  0C:6D09    A$core_gpio$6100
  0C:6D0B    A$core_gpio$6105
  0C:6D0B    C$core_gpio.c$417$1$1
  0C:6D0C    A$core_gpio$6107
  0C:6D0E    A$core_gpio$6108
  0C:6D11    A$core_gpio$6114
  0C:6D11    C$core_gpio.c$419$2$4
  0C:6D12    A$core_gpio$6115
  0C:6D15    A$core_gpio$6116
  0C:6D16    A$core_gpio$6117
  0C:6D17    A$core_gpio$6118
  0C:6D19    A$core_gpio$6120
  0C:6D1A    A$core_gpio$6121
  0C:6D1B    A$core_gpio$6122
  0C:6D1D    A$core_gpio$6123
  0C:6D1E    A$core_gpio$6124
  0C:6D1F    A$core_gpio$6126
  0C:6D21    A$core_gpio$6127
  0C:6D23    A$core_gpio$6128
  0C:6D24    A$core_gpio$6129
  0C:6D26    A$core_gpio$6130
  0C:6D28    A$core_gpio$6131
  0C:6D29    A$core_gpio$6132
  0C:6D2B    A$core_gpio$6133
  0C:6D2D    A$core_gpio$6134
  0C:6D2E    A$core_gpio$6135
  0C:6D30    A$core_gpio$6136
  0C:6D32    A$core_gpio$6137
  0C:6D33    A$core_gpio$6142
  0C:6D33    C$core_gpio.c$420$2$4
  0C:6D35    A$core_gpio$6143
  0C:6D37    A$core_gpio$6144
  0C:6D39    A$core_gpio$6145
  0C:6D3B    A$core_gpio$6146
  0C:6D3E    A$core_gpio$6147
  0C:6D40    A$core_gpio$6148
  0C:6D42    A$core_gpio$6149
  0C:6D44    A$core_gpio$6151
  0C:6D46    A$core_gpio$6152
  0C:6D48    A$core_gpio$6153
  0C:6D4A    A$core_gpio$6157
  0C:6D4A    C$core_gpio.c$421$2$4
  0C:6D4D    A$core_gpio$6161
  0C:6D4D    C$core_gpio.c$422$2$4
  0C:6D50    A$core_gpio$6162
  0C:6D51    A$core_gpio$6163
  0C:6D52    A$core_gpio$6165
  0C:6D54    A$core_gpio$6166
  0C:6D56    A$core_gpio$6167
  0C:6D59    A$core_gpio$6171
  0C:6D59    C$core_gpio.c$424$2$1
  0C:6D59    XG$GPIO_disable_irq$0$0
  0C:6D5A    A$core_gpio$6189
  0C:6D5A    C$core_gpio.c$430$2$1
  0C:6D5A    G$GPIO_clear_irq$0$0
  0C:6D5A    _GPIO_clear_irq
  0C:6D5C    A$core_gpio$6190
  0C:6D5E    A$core_gpio$6191
  0C:6D60    A$core_gpio$6192
  0C:6D63    A$core_gpio$6193
  0C:6D64    A$core_gpio$6194
  0C:6D65    A$core_gpio$6195
  0C:6D66    A$core_gpio$6196
  0C:6D67    A$core_gpio$6197
  0C:6D68    A$core_gpio$6198
  0C:6D69    A$core_gpio$6199
  0C:6D6A    A$core_gpio$6203
  0C:6D6A    C$core_gpio.c$436$1$1
  0C:6D6D    A$core_gpio$6204
  0C:6D6E    A$core_gpio$6205
  0C:6D6F    A$core_gpio$6207
  0C:6D71    A$core_gpio$6208
  0C:6D73    A$core_gpio$6209
  0C:6D75    A$core_gpio$6211
  0C:6D77    A$core_gpio$6212
  0C:6D79    A$core_gpio$6213
  0C:6D7C    A$core_gpio$6214
  0C:6D7F    A$core_gpio$6215
  0C:6D82    A$core_gpio$6216
  0C:6D85    A$core_gpio$6217
  0C:6D87    A$core_gpio$6219
  0C:6D89    A$core_gpio$6220
  0C:6D8B    A$core_gpio$6221
  0C:6D8D    A$core_gpio$6222
  0C:6D8F    A$core_gpio$6223
  0C:6D90    A$core_gpio$6224
  0C:6D92    A$core_gpio$6225
  0C:6D94    A$core_gpio$6226
  0C:6D95    A$core_gpio$6227
  0C:6D97    A$core_gpio$6228
  0C:6D99    A$core_gpio$6229
  0C:6D9A    A$core_gpio$6230
  0C:6D9C    A$core_gpio$6232
  0C:6D9F    A$core_gpio$6236
  0C:6D9F    C$core_gpio.c$438$1$1
  0C:6DA2    A$core_gpio$6237
  0C:6DA3    A$core_gpio$6238
  0C:6DA4    A$core_gpio$6239
  0C:6DA5    A$core_gpio$6240
  0C:6DA6    A$core_gpio$6241
  0C:6DA7    A$core_gpio$6242
  0C:6DA8    A$core_gpio$6243
  0C:6DA9    A$core_gpio$6244
  0C:6DAA    A$core_gpio$6247
  0C:6DAC    A$core_gpio$6248
  0C:6DAE    A$core_gpio$6249
  0C:6DAF    A$core_gpio$6250
  0C:6DB1    A$core_gpio$6251
  0C:6DB3    A$core_gpio$6252
  0C:6DB4    A$core_gpio$6253
  0C:6DB6    A$core_gpio$6256
  0C:6DB8    A$core_gpio$6257
  0C:6DBA    A$core_gpio$6258
  0C:6DBC    A$core_gpio$6259
  0C:6DBF    A$core_gpio$6260
  0C:6DC0    A$core_gpio$6263
  0C:6DC3    A$core_gpio$6264
  0C:6DC6    A$core_gpio$6268
  0C:6DC9    A$core_gpio$6269
  0C:6DCC    A$core_gpio$6273
  0C:6DCF    A$core_gpio$6274
  0C:6DD1    A$core_gpio$6276
  0C:6DD4    A$core_gpio$6282
  0C:6DD4    C$core_gpio.c$441$2$2
  0C:6DD6    A$core_gpio$6283
  0C:6DD8    A$core_gpio$6284
  0C:6DDA    A$core_gpio$6285
  0C:6DDD    A$core_gpio$6286
  0C:6DDE    A$core_gpio$6287
  0C:6DDF    A$core_gpio$6288
  0C:6DE2    A$core_gpio$6289
  0C:6DE3    A$core_gpio$6292
  0C:6DE5    A$core_gpio$6293
  0C:6DE7    A$core_gpio$6294
  0C:6DE8    A$core_gpio$6295
  0C:6DEA    A$core_gpio$6296
  0C:6DEC    A$core_gpio$6297
  0C:6DED    A$core_gpio$6299
  0C:6DF0    A$core_gpio$6300
  0C:6DF2    A$core_gpio$6301
  0C:6DF3    A$core_gpio$6302
  0C:6DF4    A$core_gpio$6303
  0C:6DF6    A$core_gpio$6304
  0C:6DF7    A$core_gpio$6305
  0C:6DF8    A$core_gpio$6306
  0C:6DFA    A$core_gpio$6307
  0C:6DFB    A$core_gpio$6308
  0C:6DFC    A$core_gpio$6309
  0C:6DFE    A$core_gpio$6310
  0C:6DFF    A$core_gpio$6312
  0C:6E01    A$core_gpio$6313
  0C:6E03    A$core_gpio$6314
  0C:6E06    A$core_gpio$6317
  0C:6E06    C$core_gpio.c$442$2$2
  0C:6E09    A$core_gpio$6325
  0C:6E09    C$core_gpio.c$444$2$2
  0C:6E09    C$core_gpio.c$445$2$2
  0C:6E0B    A$core_gpio$6326
  0C:6E0D    A$core_gpio$6327
  0C:6E0F    A$core_gpio$6328
  0C:6E12    A$core_gpio$6329
  0C:6E13    A$core_gpio$6330
  0C:6E14    A$core_gpio$6331
  0C:6E17    A$core_gpio$6332
  0C:6E18    A$core_gpio$6335
  0C:6E1A    A$core_gpio$6336
  0C:6E1C    A$core_gpio$6337
  0C:6E1D    A$core_gpio$6338
  0C:6E1F    A$core_gpio$6339
  0C:6E21    A$core_gpio$6340
  0C:6E22    A$core_gpio$6342
  0C:6E25    A$core_gpio$6343
  0C:6E27    A$core_gpio$6344
  0C:6E28    A$core_gpio$6345
  0C:6E29    A$core_gpio$6346
  0C:6E2B    A$core_gpio$6347
  0C:6E2C    A$core_gpio$6349
  0C:6E2E    A$core_gpio$6350
  0C:6E30    A$core_gpio$6351
  0C:6E32    A$core_gpio$6352
  0C:6E34    A$core_gpio$6353
  0C:6E36    A$core_gpio$6354
  0C:6E39    A$core_gpio$6355
  0C:6E3B    A$core_gpio$6356
  0C:6E3D    A$core_gpio$6357
  0C:6E3F    A$core_gpio$6362
  0C:6E3F    C$core_gpio.c$446$2$2
  0C:6E41    A$core_gpio$6363
  0C:6E43    A$core_gpio$6364
  0C:6E45    A$core_gpio$6365
  0C:6E48    A$core_gpio$6366
  0C:6E49    A$core_gpio$6367
  0C:6E4A    A$core_gpio$6368
  0C:6E4D    A$core_gpio$6369
  0C:6E4E    A$core_gpio$6372
  0C:6E50    A$core_gpio$6373
  0C:6E52    A$core_gpio$6374
  0C:6E53    A$core_gpio$6375
  0C:6E55    A$core_gpio$6376
  0C:6E57    A$core_gpio$6377
  0C:6E58    A$core_gpio$6379
  0C:6E5B    A$core_gpio$6380
  0C:6E5D    A$core_gpio$6381
  0C:6E5E    A$core_gpio$6382
  0C:6E5F    A$core_gpio$6383
  0C:6E61    A$core_gpio$6384
  0C:6E62    A$core_gpio$6386
  0C:6E64    A$core_gpio$6387
  0C:6E66    A$core_gpio$6388
  0C:6E69    A$core_gpio$6391
  0C:6E69    C$core_gpio.c$447$2$2
  0C:6E6C    A$core_gpio$6399
  0C:6E6C    C$core_gpio.c$449$2$2
  0C:6E6C    C$core_gpio.c$450$2$2
  0C:6E6E    A$core_gpio$6400
  0C:6E70    A$core_gpio$6401
  0C:6E72    A$core_gpio$6402
  0C:6E75    A$core_gpio$6403
  0C:6E76    A$core_gpio$6404
  0C:6E77    A$core_gpio$6405
  0C:6E7A    A$core_gpio$6406
  0C:6E7B    A$core_gpio$6409
  0C:6E7D    A$core_gpio$6410
  0C:6E7F    A$core_gpio$6411
  0C:6E80    A$core_gpio$6412
  0C:6E82    A$core_gpio$6413
  0C:6E84    A$core_gpio$6414
  0C:6E85    A$core_gpio$6416
  0C:6E88    A$core_gpio$6417
  0C:6E8A    A$core_gpio$6418
  0C:6E8B    A$core_gpio$6420
  0C:6E8D    A$core_gpio$6421
  0C:6E8F    A$core_gpio$6422
  0C:6E91    A$core_gpio$6423
  0C:6E93    A$core_gpio$6424
  0C:6E95    A$core_gpio$6425
  0C:6E98    A$core_gpio$6426
  0C:6E9A    A$core_gpio$6427
  0C:6E9C    A$core_gpio$6428
  0C:6E9E    A$core_gpio$6433
  0C:6E9E    C$core_gpio.c$451$2$2
  0C:6EA0    A$core_gpio$6434
  0C:6EA2    A$core_gpio$6435
  0C:6EA4    A$core_gpio$6436
  0C:6EA7    A$core_gpio$6437
  0C:6EA8    A$core_gpio$6438
  0C:6EA9    A$core_gpio$6439
  0C:6EAC    A$core_gpio$6440
  0C:6EAD    A$core_gpio$6443
  0C:6EAF    A$core_gpio$6444
  0C:6EB1    A$core_gpio$6445
  0C:6EB2    A$core_gpio$6446
  0C:6EB4    A$core_gpio$6447
  0C:6EB6    A$core_gpio$6448
  0C:6EB7    A$core_gpio$6450
  0C:6EBA    A$core_gpio$6451
  0C:6EBC    A$core_gpio$6452
  0C:6EBD    A$core_gpio$6454
  0C:6EBF    A$core_gpio$6455
  0C:6EC1    A$core_gpio$6456
  0C:6EC3    A$core_gpio$6457
  0C:6EC5    A$core_gpio$6458
  0C:6EC7    A$core_gpio$6459
  0C:6ECA    A$core_gpio$6460
  0C:6ECC    A$core_gpio$6461
  0C:6ECE    A$core_gpio$6462
  0C:6ED0    A$core_gpio$6467
  0C:6ED0    C$core_gpio.c$452$2$2
  0C:6ED2    A$core_gpio$6468
  0C:6ED4    A$core_gpio$6469
  0C:6ED6    A$core_gpio$6470
  0C:6ED9    A$core_gpio$6471
  0C:6EDA    A$core_gpio$6472
  0C:6EDB    A$core_gpio$6473
  0C:6EDE    A$core_gpio$6474
  0C:6EDF    A$core_gpio$6477
  0C:6EE1    A$core_gpio$6478
  0C:6EE3    A$core_gpio$6479
  0C:6EE4    A$core_gpio$6480
  0C:6EE6    A$core_gpio$6481
  0C:6EE8    A$core_gpio$6482
  0C:6EE9    A$core_gpio$6484
  0C:6EEC    A$core_gpio$6485
  0C:6EEE    A$core_gpio$6486
  0C:6EEF    A$core_gpio$6488
  0C:6EF1    A$core_gpio$6489
  0C:6EF3    A$core_gpio$6490
  0C:6EF5    A$core_gpio$6491
  0C:6EF7    A$core_gpio$6492
  0C:6EF9    A$core_gpio$6493
  0C:6EFC    A$core_gpio$6494
  0C:6EFE    A$core_gpio$6495
  0C:6F00    A$core_gpio$6496
  0C:6F02    A$core_gpio$6501
  0C:6F02    C$core_gpio.c$453$2$2
  0C:6F04    A$core_gpio$6502
  0C:6F06    A$core_gpio$6503
  0C:6F08    A$core_gpio$6504
  0C:6F0B    A$core_gpio$6505
  0C:6F0C    A$core_gpio$6506
  0C:6F0D    A$core_gpio$6507
  0C:6F10    A$core_gpio$6508
  0C:6F11    A$core_gpio$6511
  0C:6F13    A$core_gpio$6512
  0C:6F15    A$core_gpio$6513
  0C:6F16    A$core_gpio$6514
  0C:6F18    A$core_gpio$6515
  0C:6F1A    A$core_gpio$6516
  0C:6F1B    A$core_gpio$6518
  0C:6F1E    A$core_gpio$6519
  0C:6F20    A$core_gpio$6520
  0C:6F21    A$core_gpio$6522
  0C:6F23    A$core_gpio$6523
  0C:6F25    A$core_gpio$6524
  0C:6F28    A$core_gpio$6527
  0C:6F28    C$core_gpio.c$454$2$2
  0C:6F2B    A$core_gpio$6533
  0C:6F2B    C$core_gpio.c$457$2$2
  0C:6F2E    A$core_gpio$6534
  0C:6F30    A$core_gpio$6535
  0C:6F31    A$core_gpio$6538
  0C:6F34    A$core_gpio$6539
  0C:6F36    A$core_gpio$6540
  0C:6F37    A$core_gpio$6543
  0C:6F3A    A$core_gpio$6544
  0C:6F3C    A$core_gpio$6545
  0C:6F3D    A$core_gpio$6548
  0C:6F40    A$core_gpio$6549
  0C:6F42    A$core_gpio$6550
  0C:6F43    A$core_gpio$6553
  0C:6F46    A$core_gpio$6554
  0C:6F48    A$core_gpio$6555
  0C:6F49    A$core_gpio$6558
  0C:6F4C    A$core_gpio$6559
  0C:6F4E    A$core_gpio$6560
  0C:6F4F    A$core_gpio$6563
  0C:6F52    A$core_gpio$6564
  0C:6F54    A$core_gpio$6565
  0C:6F55    A$core_gpio$6568
  0C:6F58    A$core_gpio$6569
  0C:6F5A    A$core_gpio$6570
  0C:6F5B    A$core_gpio$6573
  0C:6F5E    A$core_gpio$6574
  0C:6F60    A$core_gpio$6575
  0C:6F61    A$core_gpio$6578
  0C:6F64    A$core_gpio$6579
  0C:6F66    A$core_gpio$6580
  0C:6F67    A$core_gpio$6583
  0C:6F6A    A$core_gpio$6584
  0C:6F6C    A$core_gpio$6585
  0C:6F6D    A$core_gpio$6588
  0C:6F70    A$core_gpio$6589
  0C:6F72    A$core_gpio$6590
  0C:6F73    A$core_gpio$6593
  0C:6F76    A$core_gpio$6594
  0C:6F78    A$core_gpio$6595
  0C:6F79    A$core_gpio$6598
  0C:6F7C    A$core_gpio$6599
  0C:6F7E    A$core_gpio$6600
  0C:6F7F    A$core_gpio$6603
  0C:6F82    A$core_gpio$6604
  0C:6F84    A$core_gpio$6605
  0C:6F85    A$core_gpio$6608
  0C:6F88    A$core_gpio$6609
  0C:6F8A    A$core_gpio$6610
  0C:6F8B    A$core_gpio$6613
  0C:6F8E    A$core_gpio$6614
  0C:6F90    A$core_gpio$6615
  0C:6F91    A$core_gpio$6618
  0C:6F94    A$core_gpio$6619
  0C:6F96    A$core_gpio$6620
  0C:6F97    A$core_gpio$6623
  0C:6F9A    A$core_gpio$6624
  0C:6F9C    A$core_gpio$6625
  0C:6F9D    A$core_gpio$6628
  0C:6FA0    A$core_gpio$6629
  0C:6FA2    A$core_gpio$6630
  0C:6FA3    A$core_gpio$6633
  0C:6FA6    A$core_gpio$6634
  0C:6FA8    A$core_gpio$6635
  0C:6FA9    A$core_gpio$6638
  0C:6FAC    A$core_gpio$6639
  0C:6FAE    A$core_gpio$6640
  0C:6FAF    A$core_gpio$6643
  0C:6FB2    A$core_gpio$6644
  0C:6FB4    A$core_gpio$6645
  0C:6FB5    A$core_gpio$6648
  0C:6FB8    A$core_gpio$6649
  0C:6FBA    A$core_gpio$6650
  0C:6FBB    A$core_gpio$6653
  0C:6FBE    A$core_gpio$6654
  0C:6FC0    A$core_gpio$6655
  0C:6FC1    A$core_gpio$6658
  0C:6FC4    A$core_gpio$6659
  0C:6FC6    A$core_gpio$6660
  0C:6FC7    A$core_gpio$6663
  0C:6FCA    A$core_gpio$6664
  0C:6FCC    A$core_gpio$6665
  0C:6FCD    A$core_gpio$6668
  0C:6FD0    A$core_gpio$6669
  0C:6FD2    A$core_gpio$6670
  0C:6FD3    A$core_gpio$6673
  0C:6FD6    A$core_gpio$6674
  0C:6FD8    A$core_gpio$6675
  0C:6FD9    A$core_gpio$6678
  0C:6FDC    A$core_gpio$6679
  0C:6FDE    A$core_gpio$6680
  0C:6FDF    A$core_gpio$6683
  0C:6FE2    A$core_gpio$6684
  0C:6FE4    A$core_gpio$6685
  0C:6FE5    A$core_gpio$6688
  0C:6FE8    A$core_gpio$6689
  0C:6FEA    A$core_gpio$6690
  0C:6FEB    A$core_gpio$6692
  0C:6FEE    A$core_gpio$6693
  0C:6FF0    A$core_gpio$6694
  0C:6FF1    A$core_gpio$6695
  0C:6FF2    A$core_gpio$6696
  0C:6FF4    A$core_gpio$6697
  0C:6FF5    A$core_gpio$6698
  0C:6FF6    A$core_gpio$6699
  0C:6FF8    A$core_gpio$6700
  0C:6FF9    A$core_gpio$6701
  0C:6FFA    A$core_gpio$6702
  0C:6FFC    A$core_gpio$6703
  0C:6FFD    A$core_gpio$6705
  0C:7000    A$core_gpio$6706
  0C:7003    A$core_gpio$6707
  0C:7006    A$core_gpio$6708
  0C:7009    A$core_gpio$6714
  0C:7009    C$core_gpio.c$459$1$1
  0C:7009    C$core_gpio.c$460$1$1
  0C:7009    XG$GPIO_clear_irq$0$0
  0C:700A    __divuint
  0C:70A4    __gptrput
  0C:70BD    __mulint
  0C:70DD    __mullong
  0C:70DD    __mullong_dummy
  0C:7149    __moduint
  0C:71F6    __gptrget
  0C:7212    __sdcc_external_startup

Hexadecimal

Area                               Addr   Size   Decimal Bytes (Attributes)
--------------------------------   ----   ----   ------- ----- ------------
CONST                              7216   0128 =    296. bytes (REL,CON,CODE)

      Value  Global
   --------  --------------------------------
  0C:7216    F___cli$_str_8$0$0
  0C:7225    F___cli$_str_9$0$0
  0C:7241    F___cli$_str_10$0$0
  0C:7244    F___cli$_str_11$0$0
  0C:7246    F___cli$_str_12$0$0
  0C:7250    F___cli$_str_13$0$0
  0C:725F    F___cli$_str_14$0$0
  0C:726D    F___cli$_str_15$0$0
  0C:7295    F___cli$_str_16$0$0
  0C:72C5    F___cli$_str_17$0$0
  0C:72DF    F___cli$_str_18$0$0
  0C:72F3    F___cli$_str_19$0$0
  0C:733C    F___misc$_str_0$0$0

Hexadecimal

Area                               Addr   Size   Decimal Bytes (Attributes)
--------------------------------   ----   ----   ------- ----- ------------
XINIT                              733E   0005 =      5. bytes (REL,CON,CODE)

      Value  Global
   --------  --------------------------------
  0C:733E    F___cli$__xinit_user_input$0$0
  0C:7342    F___cli$__xinit_last_rt_subaddress$0$0
ASxxxx Linker V01.75 + NoICE + SDCC Feb 1999,  page 1.

Files Linked      [ module(s) ]

./cli.rel       
./main.rel      
./misc.rel      
./hal/Core8051s/SDCC/hal_assert.rel
./hal/Core8051s/SDCC/hal_large.rel
./hal/Core8051s/SDCC/hw_reg_access.rel
./drivers/CoreWatchdog/core_watchdog.rel
./drivers/CoreUARTapb/core_uart_apb.rel
./drivers/CoreTimer/core_timer.rel
./drivers/CoreGPIO/core_gpio.rel

Libraries Linked            [   object  file   ]

C:\Program Files (x86)\Microsemi\SoftConsole v3.4\Sourcery-G++\bin\..\lib\large/libint.lib    [         _divuint ]
C:\Program Files (x86)\Microsemi\SoftConsole v3.4\Sourcery-G++\bin\..\lib\large/mcs51.lib    [     crtclear.rel ]
C:\Program Files (x86)\Microsemi\SoftConsole v3.4\Sourcery-G++\bin\..\lib\large/mcs51.lib    [     crtxinit.rel ]
C:\Program Files (x86)\Microsemi\SoftConsole v3.4\Sourcery-G++\bin\..\lib\large/libsdcc.lib    [         _gptrput ]
C:\Program Files (x86)\Microsemi\SoftConsole v3.4\Sourcery-G++\bin\..\lib\large/libint.lib    [          _mulint ]
C:\Program Files (x86)\Microsemi\SoftConsole v3.4\Sourcery-G++\bin\..\lib\large/liblong.lib    [     _mullong.rel ]
C:\Program Files (x86)\Microsemi\SoftConsole v3.4\Sourcery-G++\bin\..\lib\large/libint.lib    [         _moduint ]
C:\Program Files (x86)\Microsemi\SoftConsole v3.4\Sourcery-G++\bin\..\lib\large/mcs51.lib    [    crtxclear.rel ]
C:\Program Files (x86)\Microsemi\SoftConsole v3.4\Sourcery-G++\bin\..\lib\large/mcs51.lib    [   crtpagesfr.rel ]
C:\Program Files (x86)\Microsemi\SoftConsole v3.4\Sourcery-G++\bin\..\lib\large/mcs51.lib    [     crtstart.rel ]
C:\Program Files (x86)\Microsemi\SoftConsole v3.4\Sourcery-G++\bin\..\lib\large/libsdcc.lib    [         _gptrget ]
C:\Program Files (x86)\Microsemi\SoftConsole v3.4\Sourcery-G++\bin\..\lib\large/libsdcc.lib    [         _startup ]

ASxxxx Linker V01.75 + NoICE + SDCC Feb 1999,  page 2.

User Base Address Definitions

HOME = 0x0000
ISEG = 0x0000
BSEG = 0x0000

